###############################################################################
#
# IAR ELF Linker V8.50.6.265/W32 for ARM                  01/Apr/2021  00:11:57
# Copyright 2007-2020 IAR Systems AB.
#
#    Output file  =
#        D:\Vitech\sport1_mid_board\Project\Debug\Exe\Sport1_Mid.out
#    Map file     =
#        D:\Vitech\sport1_mid_board\Project\Debug\List\Sport1_Mid.map
#    Command line =
#        -f C:\Users\Admin\AppData\Local\Temp\EW6C75.tmp
#        (D:\Vitech\sport1_mid_board\Project\Debug\Obj\common.o
#        D:\Vitech\sport1_mid_board\Project\Debug\Obj\debug.o
#        D:\Vitech\sport1_mid_board\Project\Debug\Obj\exercise_mode.o
#        D:\Vitech\sport1_mid_board\Project\Debug\Obj\keypad.o
#        D:\Vitech\sport1_mid_board\Project\Debug\Obj\lcd.o
#        D:\Vitech\sport1_mid_board\Project\Debug\Obj\main.o
#        D:\Vitech\sport1_mid_board\Project\Debug\Obj\misc.o
#        D:\Vitech\sport1_mid_board\Project\Debug\Obj\queue.o
#        D:\Vitech\sport1_mid_board\Project\Debug\Obj\run_mode.o
#        D:\Vitech\sport1_mid_board\Project\Debug\Obj\screen.o
#        D:\Vitech\sport1_mid_board\Project\Debug\Obj\setup_mode.o
#        D:\Vitech\sport1_mid_board\Project\Debug\Obj\start_mode.o
#        D:\Vitech\sport1_mid_board\Project\Debug\Obj\startup_stm32f10x_md.o
#        D:\Vitech\sport1_mid_board\Project\Debug\Obj\stm32f10x_adc.o
#        D:\Vitech\sport1_mid_board\Project\Debug\Obj\stm32f10x_bkp.o
#        D:\Vitech\sport1_mid_board\Project\Debug\Obj\stm32f10x_can.o
#        D:\Vitech\sport1_mid_board\Project\Debug\Obj\stm32f10x_cec.o
#        D:\Vitech\sport1_mid_board\Project\Debug\Obj\stm32f10x_crc.o
#        D:\Vitech\sport1_mid_board\Project\Debug\Obj\stm32f10x_dac.o
#        D:\Vitech\sport1_mid_board\Project\Debug\Obj\stm32f10x_dbgmcu.o
#        D:\Vitech\sport1_mid_board\Project\Debug\Obj\stm32f10x_dma.o
#        D:\Vitech\sport1_mid_board\Project\Debug\Obj\stm32f10x_exti.o
#        D:\Vitech\sport1_mid_board\Project\Debug\Obj\stm32f10x_flash.o
#        D:\Vitech\sport1_mid_board\Project\Debug\Obj\stm32f10x_fsmc.o
#        D:\Vitech\sport1_mid_board\Project\Debug\Obj\stm32f10x_gpio.o
#        D:\Vitech\sport1_mid_board\Project\Debug\Obj\stm32f10x_i2c.o
#        D:\Vitech\sport1_mid_board\Project\Debug\Obj\stm32f10x_iwdg.o
#        D:\Vitech\sport1_mid_board\Project\Debug\Obj\stm32f10x_pwr.o
#        D:\Vitech\sport1_mid_board\Project\Debug\Obj\stm32f10x_rcc.o
#        D:\Vitech\sport1_mid_board\Project\Debug\Obj\stm32f10x_rtc.o
#        D:\Vitech\sport1_mid_board\Project\Debug\Obj\stm32f10x_sdio.o
#        D:\Vitech\sport1_mid_board\Project\Debug\Obj\stm32f10x_spi.o
#        D:\Vitech\sport1_mid_board\Project\Debug\Obj\stm32f10x_tim.o
#        D:\Vitech\sport1_mid_board\Project\Debug\Obj\stm32f10x_usart.o
#        D:\Vitech\sport1_mid_board\Project\Debug\Obj\stm32f10x_wwdg.o
#        D:\Vitech\sport1_mid_board\Project\Debug\Obj\stop_mode.o
#        D:\Vitech\sport1_mid_board\Project\Debug\Obj\system_stm32f10x.o
#        D:\Vitech\sport1_mid_board\Project\Debug\Obj\systick.o
#        D:\Vitech\sport1_mid_board\Project\Debug\Obj\xor.o --no_out_extension
#        -o D:\Vitech\sport1_mid_board\Project\Debug\Exe\Sport1_Mid.out --map
#        D:\Vitech\sport1_mid_board\Project\Debug\List\Sport1_Mid.map --config
#        "C:\Program Files (x86)\IAR Systems\Embedded Workbench
#        8.4\arm\config\linker\ST\stm32f103x8.icf" --semihosting --entry
#        __iar_program_start --vfe --text_out locale)
#
###############################################################################

*******************************************************************************
*** RUNTIME MODEL ATTRIBUTES
***

CppFlavor       = *
__SystemLibrary = DLib
__dlib_version  = 6


*******************************************************************************
*** HEAP SELECTION
***

The basic heap was selected because some modules are built with
size limitations (and not runtime checking), and --advanced_heap
was not specified.


*******************************************************************************
*** PLACEMENT SUMMARY
***

"A0":  place at address 0x800'0000 { ro section .intvec };
"P1":  place in [from 0x800'0000 to 0x800'ffff] { ro };
define block CSTACK with size = 2K, alignment = 8 { };
define block HEAP with size = 2K, alignment = 8 { };
"P2":  place in [from 0x2000'0000 to 0x2000'4fff] {
          rw, block CSTACK, block HEAP };
initialize by copy { rw };

  Section            Kind         Address    Size  Object
  -------            ----         -------    ----  ------
"A0":                                        0xec
  .intvec            ro code   0x800'0000    0xec  startup_stm32f10x_md.o [1]
                             - 0x800'00ec    0xec

"P1":                                      0x16cf
  .text              ro code   0x800'00ec   0x60a  lcd.o [1]
  .text              ro code   0x800'06f8   0x116  stm32f10x_gpio.o [1]
  .text              ro code   0x800'080e    0x14  memset.o [4]
  .text              ro code   0x800'0824    0x66  ABImemset.o [4]
  .text              ro code   0x800'088c   0x290  keypad.o [1]
  .text              ro code   0x800'0b1c    0x20  stm32f10x_rcc.o [1]
  .text              ro code   0x800'0b3c   0x120  systick.o [1]
  .text              ro code   0x800'0c5c   0x228  screen.o [1]
  .text              ro code   0x800'0e84    0xd8  FltMul.o [3]
  .text              ro code   0x800'0f5c    0x22  FltToU32.o [3]
  .text              ro code   0x800'0f80   0x1ac  setup_mode.o [1]
  .text              ro code   0x800'112c    0xe2  FltAdd.o [3]
  .text              ro code   0x800'1210    0x24  FltCmpGe.o [3]
  .text              ro code   0x800'1234    0x24  FltCmpLe.o [3]
  .text              ro code   0x800'1258    0x74  FltSub.o [3]
  .text              ro code   0x800'12cc   0x118  system_stm32f10x.o [1]
  .text              ro code   0x800'13e4   0x114  exercise_mode.o [1]
  .text              ro code   0x800'14f8    0x16  common.o [1]
  .text              ro code   0x800'150e    0x78  main.o [1]
  .text              ro code   0x800'1588    0x78  start_mode.o [1]
  .text              ro code   0x800'1600    0x38  packbits_init_single.o [4]
  .text              ro code   0x800'1638    0x28  data_init.o [4]
  .iar.init_table    const     0x800'1660    0x10  - Linker created -
  .text              ro code   0x800'1670    0x1e  cmain.o [4]
  .text              ro code   0x800'168e     0x4  low_level_init.o [2]
  .text              ro code   0x800'1692     0x4  exit.o [2]
  .text              ro code   0x800'1698     0xa  cexit.o [4]
  .text              ro code   0x800'16a4    0x14  exit.o [5]
  .rodata            const     0x800'16b8    0x10  keypad.o [1]
  .text              ro code   0x800'16c8    0x10  startup_stm32f10x_md.o [1]
  .text              ro code   0x800'16d8     0xc  cstartup_M.o [4]
  .text              ro code   0x800'16e4     0x4  startup_stm32f10x_md.o [1]
  .text              ro code   0x800'16e8     0x4  startup_stm32f10x_md.o [1]
  .text              ro code   0x800'16ec     0x4  startup_stm32f10x_md.o [1]
  .text              ro code   0x800'16f0     0x4  startup_stm32f10x_md.o [1]
  .text              ro code   0x800'16f4     0x4  startup_stm32f10x_md.o [1]
  .text              ro code   0x800'16f8     0x4  startup_stm32f10x_md.o [1]
  .text              ro code   0x800'16fc     0x4  startup_stm32f10x_md.o [1]
  .text              ro code   0x800'1700     0x4  startup_stm32f10x_md.o [1]
  .text              ro code   0x800'1704     0x4  startup_stm32f10x_md.o [1]
  .text              ro code   0x800'1708     0x4  startup_stm32f10x_md.o [1]
  .text              ro code   0x800'170c     0x4  startup_stm32f10x_md.o [1]
  .text              ro code   0x800'1710     0x4  startup_stm32f10x_md.o [1]
  .text              ro code   0x800'1714     0x4  startup_stm32f10x_md.o [1]
  .text              ro code   0x800'1718     0x4  startup_stm32f10x_md.o [1]
  .text              ro code   0x800'171c     0x4  startup_stm32f10x_md.o [1]
  .text              ro code   0x800'1720     0x4  startup_stm32f10x_md.o [1]
  .text              ro code   0x800'1724     0x4  startup_stm32f10x_md.o [1]
  .text              ro code   0x800'1728     0x4  startup_stm32f10x_md.o [1]
  .text              ro code   0x800'172c     0x4  startup_stm32f10x_md.o [1]
  .text              ro code   0x800'1730     0x4  startup_stm32f10x_md.o [1]
  .text              ro code   0x800'1734     0x4  startup_stm32f10x_md.o [1]
  .text              ro code   0x800'1738     0x4  startup_stm32f10x_md.o [1]
  .text              ro code   0x800'173c     0x4  startup_stm32f10x_md.o [1]
  .text              ro code   0x800'1740     0x4  startup_stm32f10x_md.o [1]
  .text              ro code   0x800'1744     0x4  startup_stm32f10x_md.o [1]
  .text              ro code   0x800'1748     0x4  startup_stm32f10x_md.o [1]
  .text              ro code   0x800'174c     0x4  startup_stm32f10x_md.o [1]
  .text              ro code   0x800'1750     0x4  startup_stm32f10x_md.o [1]
  .text              ro code   0x800'1754     0x4  startup_stm32f10x_md.o [1]
  .text              ro code   0x800'1758     0x4  startup_stm32f10x_md.o [1]
  .text              ro code   0x800'175c     0x4  startup_stm32f10x_md.o [1]
  .text              ro code   0x800'1760     0x4  startup_stm32f10x_md.o [1]
  .text              ro code   0x800'1764     0x4  startup_stm32f10x_md.o [1]
  .text              ro code   0x800'1768     0x4  startup_stm32f10x_md.o [1]
  .text              ro code   0x800'176c     0x4  startup_stm32f10x_md.o [1]
  .text              ro code   0x800'1770     0x4  startup_stm32f10x_md.o [1]
  .text              ro code   0x800'1774     0x4  startup_stm32f10x_md.o [1]
  .text              ro code   0x800'1778     0x4  startup_stm32f10x_md.o [1]
  .text              ro code   0x800'177c     0x4  startup_stm32f10x_md.o [1]
  .text              ro code   0x800'1780     0x4  startup_stm32f10x_md.o [1]
  .text              ro code   0x800'1784     0x4  startup_stm32f10x_md.o [1]
  .text              ro code   0x800'1788     0x4  startup_stm32f10x_md.o [1]
  .text              ro code   0x800'178c     0x4  startup_stm32f10x_md.o [1]
  .text              ro code   0x800'1790     0x4  startup_stm32f10x_md.o [1]
  .text              ro code   0x800'1794     0x4  startup_stm32f10x_md.o [1]
  .text              ro code   0x800'1798     0x4  startup_stm32f10x_md.o [1]
  .text              ro code   0x800'179c     0x4  startup_stm32f10x_md.o [1]
  .text              ro code   0x800'17a0     0x4  startup_stm32f10x_md.o [1]
  .text              ro code   0x800'17a4     0x4  startup_stm32f10x_md.o [1]
  .text              ro code   0x800'17a8     0x4  startup_stm32f10x_md.o [1]
  .text              ro code   0x800'17ac     0x4  startup_stm32f10x_md.o [1]
  .text              ro code   0x800'17b0     0x4  startup_stm32f10x_md.o [1]
  .rodata            const     0x800'17b4     0x0  packbits_init_single.o [4]
  Initializer bytes  const     0x800'17b4     0x7  <for P2-1>
                             - 0x800'17bb  0x16cf

"P2", part 1 of 2:                           0x13
  P2-1                        0x2000'0000    0x13  <Init block>
    .data            inited   0x2000'0000     0x4  system_stm32f10x.o [1]
    .bss             inited   0x2000'0004     0x4  systick.o [1]
    .bss             inited   0x2000'0008     0x4  systick.o [1]
    .bss             inited   0x2000'000c     0x4  systick.o [1]
    .bss             inited   0x2000'0010     0x1  common.o [1]
    .bss             inited   0x2000'0011     0x1  exercise_mode.o [1]
    .bss             inited   0x2000'0012     0x1  setup_mode.o [1]
                            - 0x2000'0013    0x13

"P2", part 2 of 2:                          0x800
  CSTACK                      0x2000'0018   0x800  <Block>
    CSTACK           uninit   0x2000'0018   0x800  <Block tail>
                            - 0x2000'0818   0x800

Unused ranges:

         From           To    Size
         ----           --    ----
   0x800'17bb   0x800'ffff  0xe845
  0x2000'0013  0x2000'0017     0x5
  0x2000'0818  0x2000'4fff  0x47e8


*******************************************************************************
*** INIT TABLE
***

          Address      Size
          -------      ----
Copy/packbits (__iar_packbits_init_single3)
    1 source range, total size 0x7 (36% of destination):
           0x800'17b4   0x7
    1 destination range, total size 0x13:
          0x2000'0000  0x13



*******************************************************************************
*** MODULE SUMMARY
***

    Module                  ro code  ro data  rw data
    ------                  -------  -------  -------
command line/config:
    -------------------------------------------------
    Total:

D:\Vitech\sport1_mid_board\Project\Debug\Obj: [1]
    common.o                     22        1        1
    exercise_mode.o             276                 1
    keypad.o                    656       16
    lcd.o                     1'546
    main.o                      120
    screen.o                    552
    setup_mode.o                428        1        1
    start_mode.o                120
    startup_stm32f10x_md.o      460
    stm32f10x_gpio.o            278
    stm32f10x_rcc.o              32
    system_stm32f10x.o          280        1        4
    systick.o                   288        4       12
    -------------------------------------------------
    Total:                    5'058       23       19

dl7M_tln.a: [2]
    exit.o                        4
    low_level_init.o              4
    -------------------------------------------------
    Total:                        8

m7M_tl.a: [3]
    FltAdd.o                    226
    FltCmpGe.o                   36
    FltCmpLe.o                   36
    FltMul.o                    216
    FltSub.o                    116
    FltToU32.o                   34
    -------------------------------------------------
    Total:                      664

rt7M_tl.a: [4]
    ABImemset.o                 102
    cexit.o                      10
    cmain.o                      30
    cstartup_M.o                 12
    data_init.o                  40
    memset.o                     20
    packbits_init_single.o       56
    -------------------------------------------------
    Total:                      270

shb_l.a: [5]
    exit.o                       20
    -------------------------------------------------
    Total:                       20

    Gaps                         16
    Linker created                        16    2'048
-----------------------------------------------------
    Grand Total:              6'036       39    2'067


*******************************************************************************
*** ENTRY LIST
***

Entry                       Address   Size  Type      Object
-----                       -------   ----  ----      ------
.iar.init_table$$Base    0x800'1660          --   Gb  - Linker created -
.iar.init_table$$Limit   0x800'1670          --   Gb  - Linker created -
?main                    0x800'1671         Code  Gb  cmain.o [4]
CSTACK$$Base            0x2000'0018          --   Gb  - Linker created -
CSTACK$$Limit           0x2000'0818          --   Gb  - Linker created -
GPIO_Init                0x800'06f9   0xea  Code  Gb  stm32f10x_gpio.o [1]
GPIO_LcdInit             0x800'00ed   0x2e  Code  Gb  lcd.o [1]
GPIO_ReadInputDataBit    0x800'07e3   0x1c  Code  Gb  stm32f10x_gpio.o [1]
GPIO_ResetBits           0x800'0807    0x8  Code  Gb  stm32f10x_gpio.o [1]
GPIO_SetBits             0x800'07ff    0x8  Code  Gb  stm32f10x_gpio.o [1]
IsDataChanged           0x2000'0010    0x1  Data  Gb  common.o [1]
KEYPAD_Init              0x800'09ad   0xde  Code  Gb  keypad.o [1]
KEYPAD_ScanKey           0x800'0a8b   0x8a  Code  Gb  keypad.o [1]
Keypad_Button_Values     0x800'16b8   0x10  Data  Gb  keypad.o [1]
ModeState               0x2000'0012    0x1  Data  Gb  setup_mode.o [1]
NVIC_SetPriority         0x800'0b3d   0x2c  Code  Lc  systick.o [1]
RCC_APB2PeriphClockCmd   0x800'0b1d   0x1c  Code  Gb  stm32f10x_rcc.o [1]
Region$$Table$$Base      0x800'1660          --   Gb  - Linker created -
Region$$Table$$Limit     0x800'1670          --   Gb  - Linker created -
SYSTICK_Delay_ms         0x800'0bbd   0x7c  Code  Gb  systick.o [1]
SYSTICK_Delay_ms::t0    0x2000'0008    0x4  Data  Lc  systick.o [1]
SYSTICK_Delay_ms::t1    0x2000'000c    0x4  Data  Lc  systick.o [1]
SYSTICK_Get_Tick         0x800'0bb7    0x6  Code  Gb  systick.o [1]
SYSTICK_Init             0x800'0b99   0x14  Code  Gb  systick.o [1]
Screen_convertData       0x800'0c5d   0x50  Code  Lc  screen.o [1]
SetSysClock              0x800'1311    0x8  Code  Lc  system_stm32f10x.o [1]
SetSysClockTo72          0x800'1319   0xae  Code  Lc  system_stm32f10x.o [1]
SysTick_Config           0x800'0b69   0x30  Code  Lc  systick.o [1]
SysTick_Handler          0x800'0bad    0xa  Code  Gb  systick.o [1]
SystemCoreClock         0x2000'0000    0x4  Data  Gb  system_stm32f10x.o [1]
SystemInit               0x800'12cd   0x44  Code  Gb  system_stm32f10x.o [1]
__aeabi_cfcmple          0x800'1235         Code  Gb  FltCmpLe.o [3]
__aeabi_cfrcmple         0x800'1211         Code  Gb  FltCmpGe.o [3]
__aeabi_f2uiz            0x800'0f5d         Code  Gb  FltToU32.o [3]
__aeabi_fadd             0x800'112d         Code  Gb  FltAdd.o [3]
__aeabi_fmul             0x800'0e85         Code  Gb  FltMul.o [3]
__aeabi_memset           0x800'0825         Code  Gb  ABImemset.o [4]
__cmain                  0x800'1671         Code  Gb  cmain.o [4]
__exit                   0x800'16a5   0x14  Code  Gb  exit.o [5]
__iar_Memset             0x800'0825         Code  Gb  ABImemset.o [4]
__iar_Memset_word        0x800'082d         Code  Gb  ABImemset.o [4]
__iar_data_init3         0x800'1639   0x28  Code  Gb  data_init.o [4]
__iar_fadd               0x800'1259         Code  Gb  FltSub.o [3]
__iar_fsub               0x800'1139         Code  Gb  FltAdd.o [3]
__iar_fsubStart          0x800'1149         Code  Gb  FltAdd.o [3]
__iar_packbits_init_single3
                         0x800'1601   0x38  Code  Gb  packbits_init_single.o [4]
__iar_program_start      0x800'16d9         Code  Gb  cstartup_M.o [4]
__low_level_init         0x800'168f    0x4  Code  Gb  low_level_init.o [2]
__vector_table           0x800'0000         Data  Gb  startup_stm32f10x_md.o [1]
_call_main               0x800'167d         Code  Gb  cmain.o [4]
_exit                    0x800'1699         Code  Gb  cexit.o [4]
_main                    0x800'168b         Code  Gb  cmain.o [4]
decrease_val             0x800'0fe3   0x66  Code  Lc  setup_mode.o [1]
delay                    0x800'0307   0x2a  Code  Gb  lcd.o [1]
exercise_mode            0x800'13e5  0x114  Code  Gb  exercise_mode.o [1]
exercise_mode::stateReturn
                        0x2000'0011    0x1  Data  Lc  exercise_mode.o [1]
exit                     0x800'1693    0x4  Code  Gb  exit.o [2]
increase_val             0x800'0f81   0x62  Code  Lc  setup_mode.o [1]
isKeyPressed             0x800'091f   0x44  Code  Lc  keypad.o [1]
lcd_clr                  0x800'038d   0x3a  Code  Gb  lcd.o [1]
lcd_init                 0x800'0331   0x5c  Code  Gb  lcd.o [1]
lcd_send_data            0x800'041d  0x2da  Code  Gb  lcd.o [1]
lcd_show_data1           0x800'03c7   0x4a  Code  Gb  lcd.o [1]
main                     0x800'150f   0x78  Code  Gb  main.o [1]
mainScreen               0x800'0e55   0x24  Code  Gb  screen.o [1]
memset                   0x800'080f   0x14  Code  Gb  memset.o [4]
resetRunMechineData      0x800'14f9   0x16  Code  Gb  common.o [1]
rowCheck                 0x800'0963   0x4a  Code  Lc  keypad.o [1]
setColX                  0x800'08d9   0x46  Code  Lc  keypad.o [1]
setHighAllCol            0x800'088d   0x26  Code  Lc  keypad.o [1]
setLowAllCol             0x800'08b3   0x26  Code  Lc  keypad.o [1]
setup_mode               0x800'1049   0xc8  Code  Gb  setup_mode.o [1]
start_mode               0x800'1589   0x78  Code  Gb  start_mode.o [1]
tick                    0x2000'0004    0x4  Data  Lc  systick.o [1]
timeScreenMinute         0x800'0ceb   0x3e  Code  Lc  screen.o [1]
timeScreenSecond         0x800'0cad   0x3e  Code  Lc  screen.o [1]
updateCalo               0x800'0d6d   0x26  Code  Gb  screen.o [1]
updateDistance           0x800'0d47   0x26  Code  Gb  screen.o [1]
updateEx                 0x800'0e01   0x54  Code  Gb  screen.o [1]
updateIncline            0x800'0d93   0x46  Code  Gb  screen.o [1]
updateSpeed              0x800'0dd9   0x28  Code  Gb  screen.o [1]
updateTime               0x800'0d29   0x1e  Code  Gb  screen.o [1]
write_address            0x800'0249   0x62  Code  Gb  lcd.o [1]
write_command            0x800'01bd   0x8c  Code  Gb  lcd.o [1]
write_data               0x800'02ab   0x5c  Code  Gb  lcd.o [1]
write_mode               0x800'011b   0xa2  Code  Gb  lcd.o [1]


[1] = D:\Vitech\sport1_mid_board\Project\Debug\Obj
[2] = dl7M_tln.a
[3] = m7M_tl.a
[4] = rt7M_tl.a
[5] = shb_l.a

  6'036 bytes of readonly  code memory
     39 bytes of readonly  data memory
  2'067 bytes of readwrite data memory

Errors: none
Warnings: none
