###############################################################################
#
# IAR ELF Linker V8.50.6.265/W32 for ARM                  03/Apr/2021  13:45:08
# Copyright 2007-2020 IAR Systems AB.
#
#    Output file  =
#        D:\Vitech\sport1_mid_board\Project\Debug\Exe\Sport1_Mid.out
#    Map file     =
#        D:\Vitech\sport1_mid_board\Project\Debug\List\Sport1_Mid.map
#    Command line =
#        -f C:\Users\PHAMAN~1\AppData\Local\Temp\EW626D.tmp
#        (D:\Vitech\sport1_mid_board\Project\Debug\Obj\common.o
#        D:\Vitech\sport1_mid_board\Project\Debug\Obj\debug.o
#        D:\Vitech\sport1_mid_board\Project\Debug\Obj\exercise_mode.o
#        D:\Vitech\sport1_mid_board\Project\Debug\Obj\keypad.o
#        D:\Vitech\sport1_mid_board\Project\Debug\Obj\lcd.o
#        D:\Vitech\sport1_mid_board\Project\Debug\Obj\main.o
#        D:\Vitech\sport1_mid_board\Project\Debug\Obj\misc.o
#        D:\Vitech\sport1_mid_board\Project\Debug\Obj\queue.o
#        D:\Vitech\sport1_mid_board\Project\Debug\Obj\run_mode.o
#        D:\Vitech\sport1_mid_board\Project\Debug\Obj\screen.o
#        D:\Vitech\sport1_mid_board\Project\Debug\Obj\setup_mode.o
#        D:\Vitech\sport1_mid_board\Project\Debug\Obj\start_mode.o
#        D:\Vitech\sport1_mid_board\Project\Debug\Obj\startup_stm32f10x_md.o
#        D:\Vitech\sport1_mid_board\Project\Debug\Obj\stm32f10x_adc.o
#        D:\Vitech\sport1_mid_board\Project\Debug\Obj\stm32f10x_bkp.o
#        D:\Vitech\sport1_mid_board\Project\Debug\Obj\stm32f10x_can.o
#        D:\Vitech\sport1_mid_board\Project\Debug\Obj\stm32f10x_cec.o
#        D:\Vitech\sport1_mid_board\Project\Debug\Obj\stm32f10x_crc.o
#        D:\Vitech\sport1_mid_board\Project\Debug\Obj\stm32f10x_dac.o
#        D:\Vitech\sport1_mid_board\Project\Debug\Obj\stm32f10x_dbgmcu.o
#        D:\Vitech\sport1_mid_board\Project\Debug\Obj\stm32f10x_dma.o
#        D:\Vitech\sport1_mid_board\Project\Debug\Obj\stm32f10x_exti.o
#        D:\Vitech\sport1_mid_board\Project\Debug\Obj\stm32f10x_flash.o
#        D:\Vitech\sport1_mid_board\Project\Debug\Obj\stm32f10x_fsmc.o
#        D:\Vitech\sport1_mid_board\Project\Debug\Obj\stm32f10x_gpio.o
#        D:\Vitech\sport1_mid_board\Project\Debug\Obj\stm32f10x_i2c.o
#        D:\Vitech\sport1_mid_board\Project\Debug\Obj\stm32f10x_iwdg.o
#        D:\Vitech\sport1_mid_board\Project\Debug\Obj\stm32f10x_pwr.o
#        D:\Vitech\sport1_mid_board\Project\Debug\Obj\stm32f10x_rcc.o
#        D:\Vitech\sport1_mid_board\Project\Debug\Obj\stm32f10x_rtc.o
#        D:\Vitech\sport1_mid_board\Project\Debug\Obj\stm32f10x_sdio.o
#        D:\Vitech\sport1_mid_board\Project\Debug\Obj\stm32f10x_spi.o
#        D:\Vitech\sport1_mid_board\Project\Debug\Obj\stm32f10x_tim.o
#        D:\Vitech\sport1_mid_board\Project\Debug\Obj\stm32f10x_usart.o
#        D:\Vitech\sport1_mid_board\Project\Debug\Obj\stm32f10x_wwdg.o
#        D:\Vitech\sport1_mid_board\Project\Debug\Obj\stop_mode.o
#        D:\Vitech\sport1_mid_board\Project\Debug\Obj\system_stm32f10x.o
#        D:\Vitech\sport1_mid_board\Project\Debug\Obj\systick.o
#        D:\Vitech\sport1_mid_board\Project\Debug\Obj\xor.o --no_out_extension
#        -o D:\Vitech\sport1_mid_board\Project\Debug\Exe\Sport1_Mid.out --map
#        D:\Vitech\sport1_mid_board\Project\Debug\List\Sport1_Mid.map --config
#        "C:\Program Files (x86)\IAR Systems\Embedded Workbench
#        8.4\arm\config\linker\ST\stm32f103x8.icf" --semihosting --entry
#        __iar_program_start --vfe --text_out locale)
#
###############################################################################

*******************************************************************************
*** RUNTIME MODEL ATTRIBUTES
***

CppFlavor       = *
__SystemLibrary = DLib
__dlib_version  = 6


*******************************************************************************
*** HEAP SELECTION
***

The basic heap was selected because some modules are built with
size limitations (and not runtime checking), and --advanced_heap
was not specified.


*******************************************************************************
*** PLACEMENT SUMMARY
***

"A0":  place at address 0x800'0000 { ro section .intvec };
"P1":  place in [from 0x800'0000 to 0x800'ffff] { ro };
define block CSTACK with size = 2K, alignment = 8 { };
define block HEAP with size = 2K, alignment = 8 { };
"P2":  place in [from 0x2000'0000 to 0x2000'4fff] {
          rw, block CSTACK, block HEAP };
initialize by copy { rw };

  Section            Kind         Address    Size  Object
  -------            ----         -------    ----  ------
"A0":                                        0xec
  .intvec            ro code   0x800'0000    0xec  startup_stm32f10x_md.o [1]
                             - 0x800'00ec    0xec

"P1":                                      0x1e0b
  .text              ro code   0x800'00ec   0x6ac  lcd.o [1]
  .text              ro code   0x800'0798   0x116  stm32f10x_gpio.o [1]
  .text              ro code   0x800'08ae    0x14  memset.o [4]
  .text              ro code   0x800'08c4    0x66  ABImemset.o [4]
  .text              ro code   0x800'092c   0x2a8  screen.o [1]
  .text              ro code   0x800'0bd4   0x290  keypad.o [1]
  .text              ro code   0x800'0e64    0xd8  FltMul.o [3]
  .text              ro code   0x800'0f3c    0x22  FltToU32.o [3]
  .text              ro code   0x800'0f60    0x20  stm32f10x_rcc.o [1]
  .text              ro code   0x800'0f80   0x120  systick.o [1]
  .text              ro code   0x800'10a0   0x29c  setup_mode.o [1]
  .text              ro code   0x800'133c    0xe2  FltAdd.o [3]
  .text              ro code   0x800'1420    0x24  FltCmpGe.o [3]
  .text              ro code   0x800'1444    0x24  FltCmpLe.o [3]
  .text              ro code   0x800'1468    0x74  FltSub.o [3]
  .text              ro code   0x800'14dc   0x1f8  exercise_mode.o [1]
  .text              ro code   0x800'16d4    0x16  common.o [1]
  .text              ro code   0x800'16ec   0x17a  DblAdd.o [3]
  .text              ro code   0x800'1868    0xd2  DblSub.o [3]
  .text              ro code   0x800'193c   0x118  system_stm32f10x.o [1]
  .text              ro code   0x800'1a54    0xec  run_mode.o [1]
  .text              ro code   0x800'1b40    0x94  start_mode.o [1]
  .text              ro code   0x800'1bd4    0x7e  main.o [1]
  .text              ro code   0x800'1c54    0x38  stop_mode.o [1]
  .text              ro code   0x800'1c8c    0x48  FltToDbl.o [3]
  .text              ro code   0x800'1cd4    0x68  DblToFlt.o [3]
  .text              ro code   0x800'1d3c    0x38  packbits_init_single.o [4]
  .text              ro code   0x800'1d74    0x28  data_init.o [4]
  .iar.init_table    const     0x800'1d9c    0x10  - Linker created -
  .text              ro code   0x800'1dac    0x1e  cmain.o [4]
  .text              ro code   0x800'1dca     0x4  low_level_init.o [2]
  .text              ro code   0x800'1dce     0x4  exit.o [2]
  .text              ro code   0x800'1dd4     0xa  cexit.o [4]
  .text              ro code   0x800'1de0    0x14  exit.o [5]
  .rodata            const     0x800'1df4    0x10  keypad.o [1]
  .text              ro code   0x800'1e04    0x10  startup_stm32f10x_md.o [1]
  .text              ro code   0x800'1e14     0xc  cstartup_M.o [4]
  .text              ro code   0x800'1e20     0x4  startup_stm32f10x_md.o [1]
  .text              ro code   0x800'1e24     0x4  startup_stm32f10x_md.o [1]
  .text              ro code   0x800'1e28     0x4  startup_stm32f10x_md.o [1]
  .text              ro code   0x800'1e2c     0x4  startup_stm32f10x_md.o [1]
  .text              ro code   0x800'1e30     0x4  startup_stm32f10x_md.o [1]
  .text              ro code   0x800'1e34     0x4  startup_stm32f10x_md.o [1]
  .text              ro code   0x800'1e38     0x4  startup_stm32f10x_md.o [1]
  .text              ro code   0x800'1e3c     0x4  startup_stm32f10x_md.o [1]
  .text              ro code   0x800'1e40     0x4  startup_stm32f10x_md.o [1]
  .text              ro code   0x800'1e44     0x4  startup_stm32f10x_md.o [1]
  .text              ro code   0x800'1e48     0x4  startup_stm32f10x_md.o [1]
  .text              ro code   0x800'1e4c     0x4  startup_stm32f10x_md.o [1]
  .text              ro code   0x800'1e50     0x4  startup_stm32f10x_md.o [1]
  .text              ro code   0x800'1e54     0x4  startup_stm32f10x_md.o [1]
  .text              ro code   0x800'1e58     0x4  startup_stm32f10x_md.o [1]
  .text              ro code   0x800'1e5c     0x4  startup_stm32f10x_md.o [1]
  .text              ro code   0x800'1e60     0x4  startup_stm32f10x_md.o [1]
  .text              ro code   0x800'1e64     0x4  startup_stm32f10x_md.o [1]
  .text              ro code   0x800'1e68     0x4  startup_stm32f10x_md.o [1]
  .text              ro code   0x800'1e6c     0x4  startup_stm32f10x_md.o [1]
  .text              ro code   0x800'1e70     0x4  startup_stm32f10x_md.o [1]
  .text              ro code   0x800'1e74     0x4  startup_stm32f10x_md.o [1]
  .text              ro code   0x800'1e78     0x4  startup_stm32f10x_md.o [1]
  .text              ro code   0x800'1e7c     0x4  startup_stm32f10x_md.o [1]
  .text              ro code   0x800'1e80     0x4  startup_stm32f10x_md.o [1]
  .text              ro code   0x800'1e84     0x4  startup_stm32f10x_md.o [1]
  .text              ro code   0x800'1e88     0x4  startup_stm32f10x_md.o [1]
  .text              ro code   0x800'1e8c     0x4  startup_stm32f10x_md.o [1]
  .text              ro code   0x800'1e90     0x4  startup_stm32f10x_md.o [1]
  .text              ro code   0x800'1e94     0x4  startup_stm32f10x_md.o [1]
  .text              ro code   0x800'1e98     0x4  startup_stm32f10x_md.o [1]
  .text              ro code   0x800'1e9c     0x4  startup_stm32f10x_md.o [1]
  .text              ro code   0x800'1ea0     0x4  startup_stm32f10x_md.o [1]
  .text              ro code   0x800'1ea4     0x4  startup_stm32f10x_md.o [1]
  .text              ro code   0x800'1ea8     0x4  startup_stm32f10x_md.o [1]
  .text              ro code   0x800'1eac     0x4  startup_stm32f10x_md.o [1]
  .text              ro code   0x800'1eb0     0x4  startup_stm32f10x_md.o [1]
  .text              ro code   0x800'1eb4     0x4  startup_stm32f10x_md.o [1]
  .text              ro code   0x800'1eb8     0x4  startup_stm32f10x_md.o [1]
  .text              ro code   0x800'1ebc     0x4  startup_stm32f10x_md.o [1]
  .text              ro code   0x800'1ec0     0x4  startup_stm32f10x_md.o [1]
  .text              ro code   0x800'1ec4     0x4  startup_stm32f10x_md.o [1]
  .text              ro code   0x800'1ec8     0x4  startup_stm32f10x_md.o [1]
  .text              ro code   0x800'1ecc     0x4  startup_stm32f10x_md.o [1]
  .text              ro code   0x800'1ed0     0x4  startup_stm32f10x_md.o [1]
  .text              ro code   0x800'1ed4     0x4  startup_stm32f10x_md.o [1]
  .text              ro code   0x800'1ed8     0x4  startup_stm32f10x_md.o [1]
  .text              ro code   0x800'1edc     0x4  startup_stm32f10x_md.o [1]
  .text              ro code   0x800'1ee0     0x4  startup_stm32f10x_md.o [1]
  .text              ro code   0x800'1ee4     0x4  startup_stm32f10x_md.o [1]
  .text              ro code   0x800'1ee8     0x4  startup_stm32f10x_md.o [1]
  .text              ro code   0x800'1eec     0x4  startup_stm32f10x_md.o [1]
  .rodata            const     0x800'1ef0     0x0  packbits_init_single.o [4]
  Initializer bytes  const     0x800'1ef0     0x7  <for P2-1>
                             - 0x800'1ef7  0x1e0b

"P2", part 1 of 2:                           0x25
  P2-1                        0x2000'0000    0x25  <Init block>
    .data            inited   0x2000'0000     0x4  system_stm32f10x.o [1]
    .bss             inited   0x2000'0004     0x4  exercise_mode.o [1]
    .bss             inited   0x2000'0008     0x4  run_mode.o [1]
    .bss             inited   0x2000'000c     0x4  setup_mode.o [1]
    .bss             inited   0x2000'0010     0x4  systick.o [1]
    .bss             inited   0x2000'0014     0x4  systick.o [1]
    .bss             inited   0x2000'0018     0x4  systick.o [1]
    .bss             inited   0x2000'001c     0x1  common.o [1]
    .bss             inited   0x2000'001d     0x1  exercise_mode.o [1]
    .bss             inited   0x2000'001e     0x1  exercise_mode.o [1]
    .bss             inited   0x2000'001f     0x1  exercise_mode.o [1]
    .bss             inited   0x2000'0020     0x1  run_mode.o [1]
    .bss             inited   0x2000'0021     0x1  setup_mode.o [1]
    .bss             inited   0x2000'0022     0x1  setup_mode.o [1]
    .bss             inited   0x2000'0023     0x1  setup_mode.o [1]
    .bss             inited   0x2000'0024     0x1  start_mode.o [1]
                            - 0x2000'0025    0x25

"P2", part 2 of 2:                          0x800
  CSTACK                      0x2000'0028   0x800  <Block>
    CSTACK           uninit   0x2000'0028   0x800  <Block tail>
                            - 0x2000'0828   0x800

Unused ranges:

         From           To    Size
         ----           --    ----
   0x800'1ef7   0x800'ffff  0xe109
  0x2000'0025  0x2000'0027     0x3
  0x2000'0828  0x2000'4fff  0x47d8


*******************************************************************************
*** INIT TABLE
***

          Address      Size
          -------      ----
Copy/packbits (__iar_packbits_init_single3)
    1 source range, total size 0x7 (18% of destination):
           0x800'1ef0   0x7
    1 destination range, total size 0x25:
          0x2000'0000  0x25



*******************************************************************************
*** MODULE SUMMARY
***

    Module                  ro code  ro data  rw data
    ------                  -------  -------  -------
command line/config:
    -------------------------------------------------
    Total:

D:\Vitech\sport1_mid_board\Project\Debug\Obj: [1]
    common.o                     22                 1
    exercise_mode.o             504        2        7
    keypad.o                    656       16
    lcd.o                     1'708
    main.o                      126
    run_mode.o                  236        1        5
    screen.o                    680
    setup_mode.o                668        1        7
    start_mode.o                148        1        1
    startup_stm32f10x_md.o      460
    stm32f10x_gpio.o            278
    stm32f10x_rcc.o              32
    stop_mode.o                  56
    system_stm32f10x.o          280                 4
    systick.o                   288        2       12
    -------------------------------------------------
    Total:                    6'142       23       37

dl7M_tln.a: [2]
    exit.o                        4
    low_level_init.o              4
    -------------------------------------------------
    Total:                        8

m7M_tl.a: [3]
    DblAdd.o                    378
    DblSub.o                    210
    DblToFlt.o                  104
    FltAdd.o                    226
    FltCmpGe.o                   36
    FltCmpLe.o                   36
    FltMul.o                    216
    FltSub.o                    116
    FltToDbl.o                   72
    FltToU32.o                   34
    -------------------------------------------------
    Total:                    1'428

rt7M_tl.a: [4]
    ABImemset.o                 102
    cexit.o                      10
    cmain.o                      30
    cstartup_M.o                 12
    data_init.o                  40
    memset.o                     20
    packbits_init_single.o       56
    -------------------------------------------------
    Total:                      270

shb_l.a: [5]
    exit.o                       20
    -------------------------------------------------
    Total:                       20

    Gaps                         20
    Linker created                        16    2'048
-----------------------------------------------------
    Grand Total:              7'888       39    2'085


*******************************************************************************
*** ENTRY LIST
***

Entry                       Address   Size  Type      Object
-----                       -------   ----  ----      ------
.iar.init_table$$Base    0x800'1d9c          --   Gb  - Linker created -
.iar.init_table$$Limit   0x800'1dac          --   Gb  - Linker created -
?main                    0x800'1dad         Code  Gb  cmain.o [4]
CSTACK$$Base            0x2000'0028          --   Gb  - Linker created -
CSTACK$$Limit           0x2000'0828          --   Gb  - Linker created -
CountForBlink           0x2000'0004    0x4  Data  Lc  exercise_mode.o [1]
CountForBlink           0x2000'000c    0x4  Data  Gb  setup_mode.o [1]
DataChange              0x2000'0022    0x1  Data  Gb  setup_mode.o [1]
GPIO_Init                0x800'0799   0xea  Code  Gb  stm32f10x_gpio.o [1]
GPIO_LcdInit             0x800'00ed   0x2e  Code  Gb  lcd.o [1]
GPIO_ReadInputDataBit    0x800'0883   0x1c  Code  Gb  stm32f10x_gpio.o [1]
GPIO_ResetBits           0x800'08a7    0x8  Code  Gb  stm32f10x_gpio.o [1]
GPIO_SetBits             0x800'089f    0x8  Code  Gb  stm32f10x_gpio.o [1]
IsDataChanged           0x2000'001c    0x1  Data  Gb  common.o [1]
IsFistTimeRun           0x2000'001e    0x1  Data  Lc  exercise_mode.o [1]
IsThisTheFirstRun       0x2000'0008    0x4  Data  Gb  run_mode.o [1]
KEYPAD_Init              0x800'0cf5   0xde  Code  Gb  keypad.o [1]
KEYPAD_ScanKey           0x800'0dd3   0x8a  Code  Gb  keypad.o [1]
Keypad_Button_Values     0x800'1df4   0x10  Data  Gb  keypad.o [1]
ModeState               0x2000'0021    0x1  Data  Gb  setup_mode.o [1]
NVIC_SetPriority         0x800'0f81   0x2c  Code  Lc  systick.o [1]
RCC_APB2PeriphClockCmd   0x800'0f61   0x1c  Code  Gb  stm32f10x_rcc.o [1]
Region$$Table$$Base      0x800'1d9c          --   Gb  - Linker created -
Region$$Table$$Limit     0x800'1dac          --   Gb  - Linker created -
ResetVal                0x2000'001d    0x1  Data  Lc  exercise_mode.o [1]
SYSTICK_Delay_ms         0x800'1001   0x7c  Code  Gb  systick.o [1]
SYSTICK_Delay_ms::t0    0x2000'0014    0x4  Data  Lc  systick.o [1]
SYSTICK_Delay_ms::t1    0x2000'0018    0x4  Data  Lc  systick.o [1]
SYSTICK_Get_Tick         0x800'0ffb    0x6  Code  Gb  systick.o [1]
SYSTICK_Init             0x800'0fdd   0x14  Code  Gb  systick.o [1]
Screen_convertData       0x800'095b   0x50  Code  Lc  screen.o [1]
SetSysClock              0x800'1981    0x8  Code  Lc  system_stm32f10x.o [1]
SetSysClockTo72          0x800'1989   0xae  Code  Lc  system_stm32f10x.o [1]
SysTick_Config           0x800'0fad   0x30  Code  Lc  systick.o [1]
SysTick_Handler          0x800'0ff1    0xa  Code  Gb  systick.o [1]
SystemCoreClock         0x2000'0000    0x4  Data  Gb  system_stm32f10x.o [1]
SystemInit               0x800'193d   0x44  Code  Gb  system_stm32f10x.o [1]
__aeabi_cfcmple          0x800'1445         Code  Gb  FltCmpLe.o [3]
__aeabi_cfrcmple         0x800'1421         Code  Gb  FltCmpGe.o [3]
__aeabi_d2f              0x800'1cd5         Code  Gb  DblToFlt.o [3]
__aeabi_dadd             0x800'16ed         Code  Gb  DblAdd.o [3]
__aeabi_f2d              0x800'1c8d         Code  Gb  FltToDbl.o [3]
__aeabi_f2uiz            0x800'0f3d         Code  Gb  FltToU32.o [3]
__aeabi_fadd             0x800'133d         Code  Gb  FltAdd.o [3]
__aeabi_fmul             0x800'0e65         Code  Gb  FltMul.o [3]
__aeabi_memset           0x800'08c5         Code  Gb  ABImemset.o [4]
__cmain                  0x800'1dad         Code  Gb  cmain.o [4]
__exit                   0x800'1de1   0x14  Code  Gb  exit.o [5]
__iar_Memset             0x800'08c5         Code  Gb  ABImemset.o [4]
__iar_Memset_word        0x800'08cd         Code  Gb  ABImemset.o [4]
__iar_dadd               0x800'1869         Code  Gb  DblSub.o [3]
__iar_data_init3         0x800'1d75   0x28  Code  Gb  data_init.o [4]
__iar_dsub               0x800'16fd         Code  Gb  DblAdd.o [3]
__iar_dsubStart          0x800'170f         Code  Gb  DblAdd.o [3]
__iar_fadd               0x800'1469         Code  Gb  FltSub.o [3]
__iar_fsub               0x800'1349         Code  Gb  FltAdd.o [3]
__iar_fsubStart          0x800'1359         Code  Gb  FltAdd.o [3]
__iar_packbits_init_single3
                         0x800'1d3d   0x38  Code  Gb  packbits_init_single.o [4]
__iar_program_start      0x800'1e15         Code  Gb  cstartup_M.o [4]
__low_level_init         0x800'1dcb    0x4  Code  Gb  low_level_init.o [2]
__vector_table           0x800'0000         Data  Gb  startup_stm32f10x_md.o [1]
_call_main               0x800'1db9         Code  Gb  cmain.o [4]
_exit                    0x800'1dd5         Code  Gb  cexit.o [4]
_main                    0x800'1dc7         Code  Gb  cmain.o [4]
blinkTimeLed             0x800'14dd   0x3a  Code  Lc  exercise_mode.o [1]
decrease_val             0x800'1119   0x7a  Code  Lc  setup_mode.o [1]
delay                    0x800'030f   0x2a  Code  Gb  lcd.o [1]
delay_and_scand          0x800'092d   0x2e  Code  Gb  screen.o [1]
exercise_mode            0x800'155d  0x15e  Code  Gb  exercise_mode.o [1]
exercise_mode::stateReturn
                        0x2000'001f    0x1  Data  Lc  exercise_mode.o [1]
exit                     0x800'1dcf    0x4  Code  Gb  exit.o [2]
increase_val             0x800'10a1   0x78  Code  Lc  setup_mode.o [1]
isKeyPressed             0x800'0c67   0x44  Code  Lc  keypad.o [1]
lcd_clr                  0x800'0397   0x3c  Code  Gb  lcd.o [1]
lcd_clr_section          0x800'0717   0x76  Code  Gb  lcd.o [1]
lcd_init                 0x800'0339   0x5e  Code  Gb  lcd.o [1]
lcd_send_data            0x800'041f  0x2f8  Code  Gb  lcd.o [1]
lcd_show_data1           0x800'03d3   0x4c  Code  Gb  lcd.o [1]
main                     0x800'1bd5   0x7e  Code  Gb  main.o [1]
memset                   0x800'08af   0x14  Code  Gb  memset.o [4]
resetRunMechineData      0x800'16d5   0x16  Code  Gb  common.o [1]
restExVal                0x800'1517   0x46  Code  Lc  exercise_mode.o [1]
rowCheck                 0x800'0cab   0x4a  Code  Lc  keypad.o [1]
runMode                  0x800'1a55   0xec  Code  Gb  run_mode.o [1]
runMode::stateReturn    0x2000'0020    0x1  Data  Lc  run_mode.o [1]
setColX                  0x800'0c21   0x46  Code  Lc  keypad.o [1]
setHighAllCol            0x800'0bd5   0x26  Code  Lc  keypad.o [1]
setLowAllCol             0x800'0bfb   0x26  Code  Lc  keypad.o [1]
setup_mode               0x800'1193  0x17e  Code  Gb  setup_mode.o [1]
setup_mode::stateReturn
                        0x2000'0023    0x1  Data  Lc  setup_mode.o [1]
start_mode               0x800'1b41   0x94  Code  Gb  start_mode.o [1]
start_mode::stateReturn
                        0x2000'0024    0x1  Data  Lc  start_mode.o [1]
stopMode                 0x800'1c55   0x38  Code  Gb  stop_mode.o [1]
tick                    0x2000'0010    0x4  Data  Lc  systick.o [1]
timeScreenMinute         0x800'09e9   0x3e  Code  Lc  screen.o [1]
timeScreenSecond         0x800'09ab   0x3e  Code  Lc  screen.o [1]
updateCalo               0x800'0a6b   0x26  Code  Gb  screen.o [1]
updateDistance           0x800'0a45   0x26  Code  Gb  screen.o [1]
updateEx                 0x800'0aff   0x54  Code  Gb  screen.o [1]
updateIncline            0x800'0a91   0x46  Code  Gb  screen.o [1]
updateSpeed              0x800'0ad7   0x28  Code  Gb  screen.o [1]
updateTime               0x800'0a27   0x1e  Code  Gb  screen.o [1]
waittingScreen           0x800'0b5d   0x78  Code  Gb  screen.o [1]
write_address            0x800'024d   0x64  Code  Gb  lcd.o [1]
write_command            0x800'01bd   0x90  Code  Gb  lcd.o [1]
write_data               0x800'02b1   0x5e  Code  Gb  lcd.o [1]
write_mode               0x800'011b   0xa2  Code  Gb  lcd.o [1]


[1] = D:\Vitech\sport1_mid_board\Project\Debug\Obj
[2] = dl7M_tln.a
[3] = m7M_tl.a
[4] = rt7M_tl.a
[5] = shb_l.a

  7'888 bytes of readonly  code memory
     39 bytes of readonly  data memory
  2'085 bytes of readwrite data memory

Errors: none
Warnings: none
