###############################################################################
#
# IAR ELF Linker V8.50.6.265/W32 for ARM                  22/Mar/2021  23:53:46
# Copyright 2007-2020 IAR Systems AB.
#
#    Output file  =
#        D:\Vitech\sport1_mid_board\Project\Debug\Exe\Sport1_Mid.out
#    Map file     =
#        D:\Vitech\sport1_mid_board\Project\Debug\List\Sport1_Mid.map
#    Command line =
#        -f C:\Users\Admin\AppData\Local\Temp\EWABA4.tmp
#        (D:\Vitech\sport1_mid_board\Project\Debug\Obj\debug.o
#        D:\Vitech\sport1_mid_board\Project\Debug\Obj\exercise_mode.o
#        D:\Vitech\sport1_mid_board\Project\Debug\Obj\keypad.o
#        D:\Vitech\sport1_mid_board\Project\Debug\Obj\main.o
#        D:\Vitech\sport1_mid_board\Project\Debug\Obj\misc.o
#        D:\Vitech\sport1_mid_board\Project\Debug\Obj\queue.o
#        D:\Vitech\sport1_mid_board\Project\Debug\Obj\run_mode.o
#        D:\Vitech\sport1_mid_board\Project\Debug\Obj\setup_mode.o
#        D:\Vitech\sport1_mid_board\Project\Debug\Obj\start_mode.o
#        D:\Vitech\sport1_mid_board\Project\Debug\Obj\startup_stm32f10x_md.o
#        D:\Vitech\sport1_mid_board\Project\Debug\Obj\stm32f10x_adc.o
#        D:\Vitech\sport1_mid_board\Project\Debug\Obj\stm32f10x_bkp.o
#        D:\Vitech\sport1_mid_board\Project\Debug\Obj\stm32f10x_can.o
#        D:\Vitech\sport1_mid_board\Project\Debug\Obj\stm32f10x_cec.o
#        D:\Vitech\sport1_mid_board\Project\Debug\Obj\stm32f10x_crc.o
#        D:\Vitech\sport1_mid_board\Project\Debug\Obj\stm32f10x_dac.o
#        D:\Vitech\sport1_mid_board\Project\Debug\Obj\stm32f10x_dbgmcu.o
#        D:\Vitech\sport1_mid_board\Project\Debug\Obj\stm32f10x_dma.o
#        D:\Vitech\sport1_mid_board\Project\Debug\Obj\stm32f10x_exti.o
#        D:\Vitech\sport1_mid_board\Project\Debug\Obj\stm32f10x_flash.o
#        D:\Vitech\sport1_mid_board\Project\Debug\Obj\stm32f10x_fsmc.o
#        D:\Vitech\sport1_mid_board\Project\Debug\Obj\stm32f10x_gpio.o
#        D:\Vitech\sport1_mid_board\Project\Debug\Obj\stm32f10x_i2c.o
#        D:\Vitech\sport1_mid_board\Project\Debug\Obj\stm32f10x_iwdg.o
#        D:\Vitech\sport1_mid_board\Project\Debug\Obj\stm32f10x_pwr.o
#        D:\Vitech\sport1_mid_board\Project\Debug\Obj\stm32f10x_rcc.o
#        D:\Vitech\sport1_mid_board\Project\Debug\Obj\stm32f10x_rtc.o
#        D:\Vitech\sport1_mid_board\Project\Debug\Obj\stm32f10x_sdio.o
#        D:\Vitech\sport1_mid_board\Project\Debug\Obj\stm32f10x_spi.o
#        D:\Vitech\sport1_mid_board\Project\Debug\Obj\stm32f10x_tim.o
#        D:\Vitech\sport1_mid_board\Project\Debug\Obj\stm32f10x_usart.o
#        D:\Vitech\sport1_mid_board\Project\Debug\Obj\stm32f10x_wwdg.o
#        D:\Vitech\sport1_mid_board\Project\Debug\Obj\system_stm32f10x.o
#        D:\Vitech\sport1_mid_board\Project\Debug\Obj\systick.o
#        D:\Vitech\sport1_mid_board\Project\Debug\Obj\xor.o --no_out_extension
#        -o D:\Vitech\sport1_mid_board\Project\Debug\Exe\Sport1_Mid.out --map
#        D:\Vitech\sport1_mid_board\Project\Debug\List\Sport1_Mid.map --config
#        "C:\Program Files (x86)\IAR Systems\Embedded Workbench
#        8.4\arm\config\linker\ST\stm32f103x8.icf" --semihosting --entry
#        __iar_program_start --vfe --text_out locale)
#
###############################################################################

*******************************************************************************
*** RUNTIME MODEL ATTRIBUTES
***

CppFlavor       = *
__SystemLibrary = DLib
__dlib_version  = 6


*******************************************************************************
*** HEAP SELECTION
***

The basic heap was selected because some modules are built with
size limitations (and not runtime checking), and --advanced_heap
was not specified.


*******************************************************************************
*** PLACEMENT SUMMARY
***

"A0":  place at address 0x800'0000 { ro section .intvec };
"P1":  place in [from 0x800'0000 to 0x800'ffff] { ro };
define block CSTACK with size = 2K, alignment = 8 { };
define block HEAP with size = 2K, alignment = 8 { };
"P2":  place in [from 0x2000'0000 to 0x2000'4fff] {
          rw, block CSTACK, block HEAP };
initialize by copy { rw };

  Section            Kind         Address   Size  Object
  -------            ----         -------   ----  ------
"A0":                                       0xec
  .intvec            ro code   0x800'0000   0xec  startup_stm32f10x_md.o [1]
                             - 0x800'00ec   0xec

"P1":                                      0x9db
  .text              ro code   0x800'00ec  0x290  keypad.o [1]
  .text              ro code   0x800'037c  0x116  stm32f10x_gpio.o [1]
  .text              ro code   0x800'0494   0x20  stm32f10x_rcc.o [1]
  .text              ro code   0x800'04b4  0x120  systick.o [1]
  .text              ro code   0x800'05d4  0x118  system_stm32f10x.o [1]
  .text              ro code   0x800'06ec   0xdc  setup_mode.o [1]
  .text              ro code   0x800'07c8   0xae  exercise_mode.o [1]
  .text              ro code   0x800'0876   0x60  main.o [1]
  .text              ro code   0x800'08d6   0x34  start_mode.o [1]
  .text              ro code   0x800'090a   0x38  packbits_init_single.o [3]
  .text              ro code   0x800'0944   0x28  data_init.o [3]
  .iar.init_table    const     0x800'096c   0x10  - Linker created -
  .text              ro code   0x800'097c   0x1e  cmain.o [3]
  .text              ro code   0x800'099a    0x4  low_level_init.o [2]
  .text              ro code   0x800'099e    0x4  exit.o [2]
  .text              ro code   0x800'09a4    0xa  cexit.o [3]
  .text              ro code   0x800'09b0   0x14  exit.o [4]
  .rodata            const     0x800'09c4   0x10  keypad.o [1]
  .text              ro code   0x800'09d4   0x10  startup_stm32f10x_md.o [1]
  .text              ro code   0x800'09e4    0xc  cstartup_M.o [3]
  .text              ro code   0x800'09f0    0x4  startup_stm32f10x_md.o [1]
  .text              ro code   0x800'09f4    0x4  startup_stm32f10x_md.o [1]
  .text              ro code   0x800'09f8    0x4  startup_stm32f10x_md.o [1]
  .text              ro code   0x800'09fc    0x4  startup_stm32f10x_md.o [1]
  .text              ro code   0x800'0a00    0x4  startup_stm32f10x_md.o [1]
  .text              ro code   0x800'0a04    0x4  startup_stm32f10x_md.o [1]
  .text              ro code   0x800'0a08    0x4  startup_stm32f10x_md.o [1]
  .text              ro code   0x800'0a0c    0x4  startup_stm32f10x_md.o [1]
  .text              ro code   0x800'0a10    0x4  startup_stm32f10x_md.o [1]
  .text              ro code   0x800'0a14    0x4  startup_stm32f10x_md.o [1]
  .text              ro code   0x800'0a18    0x4  startup_stm32f10x_md.o [1]
  .text              ro code   0x800'0a1c    0x4  startup_stm32f10x_md.o [1]
  .text              ro code   0x800'0a20    0x4  startup_stm32f10x_md.o [1]
  .text              ro code   0x800'0a24    0x4  startup_stm32f10x_md.o [1]
  .text              ro code   0x800'0a28    0x4  startup_stm32f10x_md.o [1]
  .text              ro code   0x800'0a2c    0x4  startup_stm32f10x_md.o [1]
  .text              ro code   0x800'0a30    0x4  startup_stm32f10x_md.o [1]
  .text              ro code   0x800'0a34    0x4  startup_stm32f10x_md.o [1]
  .text              ro code   0x800'0a38    0x4  startup_stm32f10x_md.o [1]
  .text              ro code   0x800'0a3c    0x4  startup_stm32f10x_md.o [1]
  .text              ro code   0x800'0a40    0x4  startup_stm32f10x_md.o [1]
  .text              ro code   0x800'0a44    0x4  startup_stm32f10x_md.o [1]
  .text              ro code   0x800'0a48    0x4  startup_stm32f10x_md.o [1]
  .text              ro code   0x800'0a4c    0x4  startup_stm32f10x_md.o [1]
  .text              ro code   0x800'0a50    0x4  startup_stm32f10x_md.o [1]
  .text              ro code   0x800'0a54    0x4  startup_stm32f10x_md.o [1]
  .text              ro code   0x800'0a58    0x4  startup_stm32f10x_md.o [1]
  .text              ro code   0x800'0a5c    0x4  startup_stm32f10x_md.o [1]
  .text              ro code   0x800'0a60    0x4  startup_stm32f10x_md.o [1]
  .text              ro code   0x800'0a64    0x4  startup_stm32f10x_md.o [1]
  .text              ro code   0x800'0a68    0x4  startup_stm32f10x_md.o [1]
  .text              ro code   0x800'0a6c    0x4  startup_stm32f10x_md.o [1]
  .text              ro code   0x800'0a70    0x4  startup_stm32f10x_md.o [1]
  .text              ro code   0x800'0a74    0x4  startup_stm32f10x_md.o [1]
  .text              ro code   0x800'0a78    0x4  startup_stm32f10x_md.o [1]
  .text              ro code   0x800'0a7c    0x4  startup_stm32f10x_md.o [1]
  .text              ro code   0x800'0a80    0x4  startup_stm32f10x_md.o [1]
  .text              ro code   0x800'0a84    0x4  startup_stm32f10x_md.o [1]
  .text              ro code   0x800'0a88    0x4  startup_stm32f10x_md.o [1]
  .text              ro code   0x800'0a8c    0x4  startup_stm32f10x_md.o [1]
  .text              ro code   0x800'0a90    0x4  startup_stm32f10x_md.o [1]
  .text              ro code   0x800'0a94    0x4  startup_stm32f10x_md.o [1]
  .text              ro code   0x800'0a98    0x4  startup_stm32f10x_md.o [1]
  .text              ro code   0x800'0a9c    0x4  startup_stm32f10x_md.o [1]
  .text              ro code   0x800'0aa0    0x4  startup_stm32f10x_md.o [1]
  .text              ro code   0x800'0aa4    0x4  startup_stm32f10x_md.o [1]
  .text              ro code   0x800'0aa8    0x4  startup_stm32f10x_md.o [1]
  .text              ro code   0x800'0aac    0x4  startup_stm32f10x_md.o [1]
  .text              ro code   0x800'0ab0    0x4  startup_stm32f10x_md.o [1]
  .text              ro code   0x800'0ab4    0x4  startup_stm32f10x_md.o [1]
  .text              ro code   0x800'0ab8    0x4  startup_stm32f10x_md.o [1]
  .text              ro code   0x800'0abc    0x4  startup_stm32f10x_md.o [1]
  .rodata            const     0x800'0ac0    0x0  packbits_init_single.o [3]
  Initializer bytes  const     0x800'0ac0    0x7  <for P2-1>
                             - 0x800'0ac7  0x9db

"P2", part 1 of 2:                          0x11
  P2-1                        0x2000'0000   0x11  <Init block>
    .data            inited   0x2000'0000    0x4  system_stm32f10x.o [1]
    .bss             inited   0x2000'0004    0x4  systick.o [1]
    .bss             inited   0x2000'0008    0x4  systick.o [1]
    .bss             inited   0x2000'000c    0x4  systick.o [1]
    .bss             inited   0x2000'0010    0x1  setup_mode.o [1]
                            - 0x2000'0011   0x11

"P2", part 2 of 2:                         0x800
  CSTACK                      0x2000'0018  0x800  <Block>
    CSTACK           uninit   0x2000'0018  0x800  <Block tail>
                            - 0x2000'0818  0x800

Unused ranges:

         From           To    Size
         ----           --    ----
   0x800'0ac7   0x800'ffff  0xf539
  0x2000'0011  0x2000'0017     0x7
  0x2000'0818  0x2000'4fff  0x47e8


*******************************************************************************
*** INIT TABLE
***

          Address      Size
          -------      ----
Copy/packbits (__iar_packbits_init_single3)
    1 source range, total size 0x7 (41% of destination):
           0x800'0ac0   0x7
    1 destination range, total size 0x11:
          0x2000'0000  0x11



*******************************************************************************
*** MODULE SUMMARY
***

    Module                  ro code  ro data  rw data
    ------                  -------  -------  -------
command line/config:
    -------------------------------------------------
    Total:

D:\Vitech\sport1_mid_board\Project\Debug\Obj: [1]
    exercise_mode.o             174
    keypad.o                    656       16
    main.o                       96
    setup_mode.o                220        1        1
    start_mode.o                 52
    startup_stm32f10x_md.o      460
    stm32f10x_gpio.o            278
    stm32f10x_rcc.o              32
    system_stm32f10x.o          280        1        4
    systick.o                   288        5       12
    -------------------------------------------------
    Total:                    2'536       23       17

dl7M_tln.a: [2]
    exit.o                        4
    low_level_init.o              4
    -------------------------------------------------
    Total:                        8

rt7M_tl.a: [3]
    cexit.o                      10
    cmain.o                      30
    cstartup_M.o                 12
    data_init.o                  40
    packbits_init_single.o       56
    -------------------------------------------------
    Total:                      148

shb_l.a: [4]
    exit.o                       20
    -------------------------------------------------
    Total:                       20

    Gaps                          8
    Linker created                        16    2'048
-----------------------------------------------------
    Grand Total:              2'720       39    2'065


*******************************************************************************
*** ENTRY LIST
***

Entry                       Address  Size  Type      Object
-----                       -------  ----  ----      ------
.iar.init_table$$Base    0x800'096c         --   Gb  - Linker created -
.iar.init_table$$Limit   0x800'097c         --   Gb  - Linker created -
?main                    0x800'097d        Code  Gb  cmain.o [3]
CSTACK$$Base            0x2000'0018         --   Gb  - Linker created -
CSTACK$$Limit           0x2000'0818         --   Gb  - Linker created -
GPIO_Init                0x800'037d  0xea  Code  Gb  stm32f10x_gpio.o [1]
GPIO_ReadInputDataBit    0x800'0467  0x1c  Code  Gb  stm32f10x_gpio.o [1]
GPIO_ResetBits           0x800'048b   0x8  Code  Gb  stm32f10x_gpio.o [1]
GPIO_SetBits             0x800'0483   0x8  Code  Gb  stm32f10x_gpio.o [1]
KEYPAD_Init              0x800'020d  0xde  Code  Gb  keypad.o [1]
KEYPAD_ScanKey           0x800'02eb  0x8a  Code  Gb  keypad.o [1]
Keypad_Button_Values     0x800'09c4  0x10  Data  Gb  keypad.o [1]
NVIC_SetPriority         0x800'04b5  0x2c  Code  Lc  systick.o [1]
RCC_APB2PeriphClockCmd   0x800'0495  0x1c  Code  Gb  stm32f10x_rcc.o [1]
Region$$Table$$Base      0x800'096c         --   Gb  - Linker created -
Region$$Table$$Limit     0x800'097c         --   Gb  - Linker created -
SYSTICK_Delay_ms         0x800'0535  0x7c  Code  Gb  systick.o [1]
SYSTICK_Delay_ms::t0    0x2000'0008   0x4  Data  Lc  systick.o [1]
SYSTICK_Delay_ms::t1    0x2000'000c   0x4  Data  Lc  systick.o [1]
SYSTICK_Get_Tick         0x800'052f   0x6  Code  Gb  systick.o [1]
SYSTICK_Init             0x800'0511  0x14  Code  Gb  systick.o [1]
SetSysClock              0x800'0619   0x8  Code  Lc  system_stm32f10x.o [1]
SetSysClockTo72          0x800'0621  0xae  Code  Lc  system_stm32f10x.o [1]
SysTick_Config           0x800'04e1  0x30  Code  Lc  systick.o [1]
SysTick_Handler          0x800'0525   0xa  Code  Gb  systick.o [1]
SystemCoreClock         0x2000'0000   0x4  Data  Gb  system_stm32f10x.o [1]
SystemInit               0x800'05d5  0x44  Code  Gb  system_stm32f10x.o [1]
__cmain                  0x800'097d        Code  Gb  cmain.o [3]
__exit                   0x800'09b1  0x14  Code  Gb  exit.o [4]
__iar_data_init3         0x800'0945  0x28  Code  Gb  data_init.o [3]
__iar_packbits_init_single3
                         0x800'090b  0x38  Code  Gb  packbits_init_single.o [3]
__iar_program_start      0x800'09e5        Code  Gb  cstartup_M.o [3]
__low_level_init         0x800'099b   0x4  Code  Gb  low_level_init.o [2]
__vector_table           0x800'0000        Data  Gb  startup_stm32f10x_md.o [1]
_call_main               0x800'0989        Code  Gb  cmain.o [3]
_exit                    0x800'09a5        Code  Gb  cexit.o [3]
_main                    0x800'0997        Code  Gb  cmain.o [3]
decrease_val             0x800'0719  0x2c  Code  Lc  setup_mode.o [1]
exercise_mode            0x800'07c9  0xae  Code  Gb  exercise_mode.o [1]
exit                     0x800'099f   0x4  Code  Gb  exit.o [2]
increase_val             0x800'06ed  0x2c  Code  Lc  setup_mode.o [1]
isKeyPressed             0x800'017f  0x44  Code  Lc  keypad.o [1]
main                     0x800'0877  0x60  Code  Gb  main.o [1]
modeState               0x2000'0010   0x1  Data  Gb  setup_mode.o [1]
rowCheck                 0x800'01c3  0x4a  Code  Lc  keypad.o [1]
setColX                  0x800'0139  0x46  Code  Lc  keypad.o [1]
setHighAllCol            0x800'00ed  0x26  Code  Lc  keypad.o [1]
setLowAllCol             0x800'0113  0x26  Code  Lc  keypad.o [1]
setup_mode               0x800'0745  0x80  Code  Gb  setup_mode.o [1]
start_mode               0x800'08d7  0x34  Code  Gb  start_mode.o [1]
tick                    0x2000'0004   0x4  Data  Lc  systick.o [1]


[1] = D:\Vitech\sport1_mid_board\Project\Debug\Obj
[2] = dl7M_tln.a
[3] = rt7M_tl.a
[4] = shb_l.a

  2'720 bytes of readonly  code memory
     39 bytes of readonly  data memory
  2'065 bytes of readwrite data memory

Errors: none
Warnings: none
