###############################################################################
#
# IAR ELF Linker V8.50.6.265/W32 for ARM                  11/Apr/2021  11:29:06
# Copyright 2007-2020 IAR Systems AB.
#
#    Output file  =
#        D:\Vitech\sport1_mid_board\Project\Debug\Exe\Sport1_Mid.out
#    Map file     =
#        D:\Vitech\sport1_mid_board\Project\Debug\List\Sport1_Mid.map
#    Command line =
#        -f C:\Users\PHAMAN~1\AppData\Local\Temp\EW2B5E.tmp
#        (D:\Vitech\sport1_mid_board\Project\Debug\Obj\common.o
#        D:\Vitech\sport1_mid_board\Project\Debug\Obj\debug.o
#        D:\Vitech\sport1_mid_board\Project\Debug\Obj\exercise_mode.o
#        D:\Vitech\sport1_mid_board\Project\Debug\Obj\keypad.o
#        D:\Vitech\sport1_mid_board\Project\Debug\Obj\lcd.o
#        D:\Vitech\sport1_mid_board\Project\Debug\Obj\main.o
#        D:\Vitech\sport1_mid_board\Project\Debug\Obj\misc.o
#        D:\Vitech\sport1_mid_board\Project\Debug\Obj\queue.o
#        D:\Vitech\sport1_mid_board\Project\Debug\Obj\run_mode.o
#        D:\Vitech\sport1_mid_board\Project\Debug\Obj\screen.o
#        D:\Vitech\sport1_mid_board\Project\Debug\Obj\setup_mode.o
#        D:\Vitech\sport1_mid_board\Project\Debug\Obj\start_mode.o
#        D:\Vitech\sport1_mid_board\Project\Debug\Obj\startup_stm32f10x_md.o
#        D:\Vitech\sport1_mid_board\Project\Debug\Obj\stm32f10x_adc.o
#        D:\Vitech\sport1_mid_board\Project\Debug\Obj\stm32f10x_bkp.o
#        D:\Vitech\sport1_mid_board\Project\Debug\Obj\stm32f10x_can.o
#        D:\Vitech\sport1_mid_board\Project\Debug\Obj\stm32f10x_cec.o
#        D:\Vitech\sport1_mid_board\Project\Debug\Obj\stm32f10x_crc.o
#        D:\Vitech\sport1_mid_board\Project\Debug\Obj\stm32f10x_dac.o
#        D:\Vitech\sport1_mid_board\Project\Debug\Obj\stm32f10x_dbgmcu.o
#        D:\Vitech\sport1_mid_board\Project\Debug\Obj\stm32f10x_dma.o
#        D:\Vitech\sport1_mid_board\Project\Debug\Obj\stm32f10x_exti.o
#        D:\Vitech\sport1_mid_board\Project\Debug\Obj\stm32f10x_flash.o
#        D:\Vitech\sport1_mid_board\Project\Debug\Obj\stm32f10x_fsmc.o
#        D:\Vitech\sport1_mid_board\Project\Debug\Obj\stm32f10x_gpio.o
#        D:\Vitech\sport1_mid_board\Project\Debug\Obj\stm32f10x_i2c.o
#        D:\Vitech\sport1_mid_board\Project\Debug\Obj\stm32f10x_iwdg.o
#        D:\Vitech\sport1_mid_board\Project\Debug\Obj\stm32f10x_pwr.o
#        D:\Vitech\sport1_mid_board\Project\Debug\Obj\stm32f10x_rcc.o
#        D:\Vitech\sport1_mid_board\Project\Debug\Obj\stm32f10x_rtc.o
#        D:\Vitech\sport1_mid_board\Project\Debug\Obj\stm32f10x_sdio.o
#        D:\Vitech\sport1_mid_board\Project\Debug\Obj\stm32f10x_spi.o
#        D:\Vitech\sport1_mid_board\Project\Debug\Obj\stm32f10x_tim.o
#        D:\Vitech\sport1_mid_board\Project\Debug\Obj\stm32f10x_usart.o
#        D:\Vitech\sport1_mid_board\Project\Debug\Obj\stm32f10x_wwdg.o
#        D:\Vitech\sport1_mid_board\Project\Debug\Obj\stop_mode.o
#        D:\Vitech\sport1_mid_board\Project\Debug\Obj\system_stm32f10x.o
#        D:\Vitech\sport1_mid_board\Project\Debug\Obj\systick.o
#        D:\Vitech\sport1_mid_board\Project\Debug\Obj\timer2.o
#        D:\Vitech\sport1_mid_board\Project\Debug\Obj\xor.o --no_out_extension
#        -o D:\Vitech\sport1_mid_board\Project\Debug\Exe\Sport1_Mid.out --map
#        D:\Vitech\sport1_mid_board\Project\Debug\List\Sport1_Mid.map --config
#        "C:\Program Files (x86)\IAR Systems\Embedded Workbench
#        8.4\arm\config\linker\ST\stm32f103x8.icf" --semihosting --entry
#        __iar_program_start --vfe --text_out locale)
#
###############################################################################

*******************************************************************************
*** RUNTIME MODEL ATTRIBUTES
***

CppFlavor       = *
__SystemLibrary = DLib
__dlib_version  = 6


*******************************************************************************
*** HEAP SELECTION
***

The basic heap was selected because some modules are built with
size limitations (and not runtime checking), and --advanced_heap
was not specified.


*******************************************************************************
*** PLACEMENT SUMMARY
***

"A0":  place at address 0x800'0000 { ro section .intvec };
"P1":  place in [from 0x800'0000 to 0x800'ffff] { ro };
define block CSTACK with size = 2K, alignment = 8 { };
define block HEAP with size = 2K, alignment = 8 { };
"P2":  place in [from 0x2000'0000 to 0x2000'4fff] {
          rw, block CSTACK, block HEAP };
initialize by copy { rw };

  Section            Kind         Address    Size  Object
  -------            ----         -------    ----  ------
"A0":                                        0xec
  .intvec            ro code   0x800'0000    0xec  startup_stm32f10x_md.o [1]
                             - 0x800'00ec    0xec

"P1":                                      0x2157
  .text              ro code   0x800'00ec   0x6ac  lcd.o [1]
  .text              ro code   0x800'0798   0x116  stm32f10x_gpio.o [1]
  .text              ro code   0x800'08ae    0x14  memset.o [4]
  .text              ro code   0x800'08c4    0x66  ABImemset.o [4]
  .text              ro code   0x800'092c   0x2a8  screen.o [1]
  .text              ro code   0x800'0bd4    0xd8  FltMul.o [3]
  .text              ro code   0x800'0cac    0x22  FltToU32.o [3]
  .text              ro code   0x800'0cd0   0x290  keypad.o [1]
  .text              ro code   0x800'0f60    0x40  stm32f10x_rcc.o [1]
  .text              ro code   0x800'0fa0   0x120  systick.o [1]
  .text              ro code   0x800'10c0   0x270  setup_mode.o [1]
  .text              ro code   0x800'1330    0xe2  FltAdd.o [3]
  .text              ro code   0x800'1414    0x24  FltCmpGe.o [3]
  .text              ro code   0x800'1438    0x24  FltCmpLe.o [3]
  .text              ro code   0x800'145c    0x74  FltSub.o [3]
  .text              ro code   0x800'14d0   0x268  run_mode.o [1]
  .text              ro code   0x800'1738    0xbc  timer2.o [1]
  .text              ro code   0x800'17f4    0x48  FltToDbl.o [3]
  .text              ro code   0x800'183c   0x17a  DblAdd.o [3]
  .text              ro code   0x800'19b8    0x68  DblToFlt.o [3]
  .text              ro code   0x800'1a20    0xf4  stm32f10x_tim.o [1]
  .text              ro code   0x800'1b14    0xd2  DblSub.o [3]
  .text              ro code   0x800'1be8   0x208  exercise_mode.o [1]
  .text              ro code   0x800'1df0    0x16  common.o [1]
  .text              ro code   0x800'1e08   0x118  system_stm32f10x.o [1]
  .text              ro code   0x800'1f20    0x98  start_mode.o [1]
  .text              ro code   0x800'1fb8    0x8c  main.o [1]
  .text              ro code   0x800'2044    0x44  stop_mode.o [1]
  .text              ro code   0x800'2088    0x38  packbits_init_single.o [4]
  .text              ro code   0x800'20c0    0x28  data_init.o [4]
  .iar.init_table    const     0x800'20e8    0x10  - Linker created -
  .text              ro code   0x800'20f8    0x1e  cmain.o [4]
  .text              ro code   0x800'2116     0x4  low_level_init.o [2]
  .text              ro code   0x800'211a     0x4  exit.o [2]
  .text              ro code   0x800'2120     0xa  cexit.o [4]
  .text              ro code   0x800'212c    0x14  exit.o [5]
  .rodata            const     0x800'2140    0x10  keypad.o [1]
  .text              ro code   0x800'2150    0x10  startup_stm32f10x_md.o [1]
  .text              ro code   0x800'2160     0xc  cstartup_M.o [4]
  .text              ro code   0x800'216c     0x4  startup_stm32f10x_md.o [1]
  .text              ro code   0x800'2170     0x4  startup_stm32f10x_md.o [1]
  .text              ro code   0x800'2174     0x4  startup_stm32f10x_md.o [1]
  .text              ro code   0x800'2178     0x4  startup_stm32f10x_md.o [1]
  .text              ro code   0x800'217c     0x4  startup_stm32f10x_md.o [1]
  .text              ro code   0x800'2180     0x4  startup_stm32f10x_md.o [1]
  .text              ro code   0x800'2184     0x4  startup_stm32f10x_md.o [1]
  .text              ro code   0x800'2188     0x4  startup_stm32f10x_md.o [1]
  .text              ro code   0x800'218c     0x4  startup_stm32f10x_md.o [1]
  .text              ro code   0x800'2190     0x4  startup_stm32f10x_md.o [1]
  .text              ro code   0x800'2194     0x4  startup_stm32f10x_md.o [1]
  .text              ro code   0x800'2198     0x4  startup_stm32f10x_md.o [1]
  .text              ro code   0x800'219c     0x4  startup_stm32f10x_md.o [1]
  .text              ro code   0x800'21a0     0x4  startup_stm32f10x_md.o [1]
  .text              ro code   0x800'21a4     0x4  startup_stm32f10x_md.o [1]
  .text              ro code   0x800'21a8     0x4  startup_stm32f10x_md.o [1]
  .text              ro code   0x800'21ac     0x4  startup_stm32f10x_md.o [1]
  .text              ro code   0x800'21b0     0x4  startup_stm32f10x_md.o [1]
  .text              ro code   0x800'21b4     0x4  startup_stm32f10x_md.o [1]
  .text              ro code   0x800'21b8     0x4  startup_stm32f10x_md.o [1]
  .text              ro code   0x800'21bc     0x4  startup_stm32f10x_md.o [1]
  .text              ro code   0x800'21c0     0x4  startup_stm32f10x_md.o [1]
  .text              ro code   0x800'21c4     0x4  startup_stm32f10x_md.o [1]
  .text              ro code   0x800'21c8     0x4  startup_stm32f10x_md.o [1]
  .text              ro code   0x800'21cc     0x4  startup_stm32f10x_md.o [1]
  .text              ro code   0x800'21d0     0x4  startup_stm32f10x_md.o [1]
  .text              ro code   0x800'21d4     0x4  startup_stm32f10x_md.o [1]
  .text              ro code   0x800'21d8     0x4  startup_stm32f10x_md.o [1]
  .text              ro code   0x800'21dc     0x4  startup_stm32f10x_md.o [1]
  .text              ro code   0x800'21e0     0x4  startup_stm32f10x_md.o [1]
  .text              ro code   0x800'21e4     0x4  startup_stm32f10x_md.o [1]
  .text              ro code   0x800'21e8     0x4  startup_stm32f10x_md.o [1]
  .text              ro code   0x800'21ec     0x4  startup_stm32f10x_md.o [1]
  .text              ro code   0x800'21f0     0x4  startup_stm32f10x_md.o [1]
  .text              ro code   0x800'21f4     0x4  startup_stm32f10x_md.o [1]
  .text              ro code   0x800'21f8     0x4  startup_stm32f10x_md.o [1]
  .text              ro code   0x800'21fc     0x4  startup_stm32f10x_md.o [1]
  .text              ro code   0x800'2200     0x4  startup_stm32f10x_md.o [1]
  .text              ro code   0x800'2204     0x4  startup_stm32f10x_md.o [1]
  .text              ro code   0x800'2208     0x4  startup_stm32f10x_md.o [1]
  .text              ro code   0x800'220c     0x4  startup_stm32f10x_md.o [1]
  .text              ro code   0x800'2210     0x4  startup_stm32f10x_md.o [1]
  .text              ro code   0x800'2214     0x4  startup_stm32f10x_md.o [1]
  .text              ro code   0x800'2218     0x4  startup_stm32f10x_md.o [1]
  .text              ro code   0x800'221c     0x4  startup_stm32f10x_md.o [1]
  .text              ro code   0x800'2220     0x4  startup_stm32f10x_md.o [1]
  .text              ro code   0x800'2224     0x4  startup_stm32f10x_md.o [1]
  .text              ro code   0x800'2228     0x4  startup_stm32f10x_md.o [1]
  .text              ro code   0x800'222c     0x4  startup_stm32f10x_md.o [1]
  .text              ro code   0x800'2230     0x4  startup_stm32f10x_md.o [1]
  .text              ro code   0x800'2234     0x4  startup_stm32f10x_md.o [1]
  .text              ro code   0x800'2238     0x4  startup_stm32f10x_md.o [1]
  .rodata            const     0x800'223c     0x0  packbits_init_single.o [4]
  Initializer bytes  const     0x800'223c     0x7  <for P2-1>
                             - 0x800'2243  0x2157

"P2", part 1 of 2:                           0x33
  P2-1                        0x2000'0000    0x33  <Init block>
    .data            inited   0x2000'0000     0x4  system_stm32f10x.o [1]
    .bss             inited   0x2000'0004     0x4  exercise_mode.o [1]
    .bss             inited   0x2000'0008     0x4  run_mode.o [1]
    .bss             inited   0x2000'000c     0x4  run_mode.o [1]
    .bss             inited   0x2000'0010     0x4  run_mode.o [1]
    .bss             inited   0x2000'0014     0x4  run_mode.o [1]
    .bss             inited   0x2000'0018     0x4  setup_mode.o [1]
    .bss             inited   0x2000'001c     0x4  systick.o [1]
    .bss             inited   0x2000'0020     0x4  systick.o [1]
    .bss             inited   0x2000'0024     0x4  systick.o [1]
    .bss             inited   0x2000'0028     0x4  timer2.o [1]
    .bss             inited   0x2000'002c     0x1  common.o [1]
    .bss             inited   0x2000'002d     0x1  exercise_mode.o [1]
    .bss             inited   0x2000'002e     0x1  exercise_mode.o [1]
    .bss             inited   0x2000'002f     0x1  exercise_mode.o [1]
    .bss             inited   0x2000'0030     0x1  setup_mode.o [1]
    .bss             inited   0x2000'0031     0x1  setup_mode.o [1]
    .bss             inited   0x2000'0032     0x1  start_mode.o [1]
                            - 0x2000'0033    0x33

"P2", part 2 of 2:                          0x800
  CSTACK                      0x2000'0038   0x800  <Block>
    CSTACK           uninit   0x2000'0038   0x800  <Block tail>
                            - 0x2000'0838   0x800

Unused ranges:

         From           To    Size
         ----           --    ----
   0x800'2243   0x800'ffff  0xddbd
  0x2000'0033  0x2000'0037     0x5
  0x2000'0838  0x2000'4fff  0x47c8


*******************************************************************************
*** INIT TABLE
***

          Address      Size
          -------      ----
Copy/packbits (__iar_packbits_init_single3)
    1 source range, total size 0x7 (13% of destination):
           0x800'223c   0x7
    1 destination range, total size 0x33:
          0x2000'0000  0x33



*******************************************************************************
*** MODULE SUMMARY
***

    Module                  ro code  ro data  rw data
    ------                  -------  -------  -------
command line/config:
    -------------------------------------------------
    Total:

D:\Vitech\sport1_mid_board\Project\Debug\Obj: [1]
    common.o                     22                 1
    exercise_mode.o             520        1        7
    keypad.o                    656       16
    lcd.o                     1'708
    main.o                      140
    run_mode.o                  616        2       16
    screen.o                    680
    setup_mode.o                624                 6
    start_mode.o                152        1        1
    startup_stm32f10x_md.o      460
    stm32f10x_gpio.o            278
    stm32f10x_rcc.o              64
    stm32f10x_tim.o             244
    stop_mode.o                  68
    system_stm32f10x.o          280                 4
    systick.o                   288        2       12
    timer2.o                    188        1        4
    -------------------------------------------------
    Total:                    6'988       23       51

dl7M_tln.a: [2]
    exit.o                        4
    low_level_init.o              4
    -------------------------------------------------
    Total:                        8

m7M_tl.a: [3]
    DblAdd.o                    378
    DblSub.o                    210
    DblToFlt.o                  104
    FltAdd.o                    226
    FltCmpGe.o                   36
    FltCmpLe.o                   36
    FltMul.o                    216
    FltSub.o                    116
    FltToDbl.o                   72
    FltToU32.o                   34
    -------------------------------------------------
    Total:                    1'428

rt7M_tl.a: [4]
    ABImemset.o                 102
    cexit.o                      10
    cmain.o                      30
    cstartup_M.o                 12
    data_init.o                  40
    memset.o                     20
    packbits_init_single.o       56
    -------------------------------------------------
    Total:                      270

shb_l.a: [5]
    exit.o                       20
    -------------------------------------------------
    Total:                       20

    Gaps                         18
    Linker created                        16    2'048
-----------------------------------------------------
    Grand Total:              8'732       39    2'099


*******************************************************************************
*** ENTRY LIST
***

Entry                       Address   Size  Type      Object
-----                       -------   ----  ----      ------
.iar.init_table$$Base    0x800'20e8          --   Gb  - Linker created -
.iar.init_table$$Limit   0x800'20f8          --   Gb  - Linker created -
?main                    0x800'20f9         Code  Gb  cmain.o [4]
CSTACK$$Base            0x2000'0038          --   Gb  - Linker created -
CSTACK$$Limit           0x2000'0838          --   Gb  - Linker created -
CountDownFlag           0x2000'0010    0x4  Data  Gb  run_mode.o [1]
CountForBlink           0x2000'0004    0x4  Data  Lc  exercise_mode.o [1]
CountForBlink           0x2000'0018    0x4  Data  Gb  setup_mode.o [1]
ExeRunFlag              0x2000'0014    0x4  Data  Gb  run_mode.o [1]
GPIO_Init                0x800'0799   0xea  Code  Gb  stm32f10x_gpio.o [1]
GPIO_LcdInit             0x800'00ed   0x2e  Code  Gb  lcd.o [1]
GPIO_ReadInputDataBit    0x800'0883   0x1c  Code  Gb  stm32f10x_gpio.o [1]
GPIO_ResetBits           0x800'08a7    0x8  Code  Gb  stm32f10x_gpio.o [1]
GPIO_SetBits             0x800'089f    0x8  Code  Gb  stm32f10x_gpio.o [1]
IsDataChanged           0x2000'002c    0x1  Data  Gb  common.o [1]
IsFistTimeRun           0x2000'002e    0x1  Data  Lc  exercise_mode.o [1]
IsFistTimeRun           0x2000'0031    0x1  Data  Lc  setup_mode.o [1]
IsThisTheFirstRun       0x2000'0008    0x4  Data  Gb  run_mode.o [1]
KEYPAD_Init              0x800'0df1   0xde  Code  Gb  keypad.o [1]
KEYPAD_ScanKey           0x800'0ecf   0x8a  Code  Gb  keypad.o [1]
Keypad_Button_Values     0x800'2140   0x10  Data  Gb  keypad.o [1]
ModeState               0x2000'0030    0x1  Data  Gb  setup_mode.o [1]
NVIC_DisableIRQ          0x800'174f   0x16  Code  Lc  timer2.o [1]
NVIC_EnableIRQ           0x800'1739   0x16  Code  Lc  timer2.o [1]
NVIC_SetPriority         0x800'0fa1   0x2c  Code  Lc  systick.o [1]
RCC_APB1PeriphClockCmd   0x800'0f7d   0x1c  Code  Gb  stm32f10x_rcc.o [1]
RCC_APB2PeriphClockCmd   0x800'0f61   0x1c  Code  Gb  stm32f10x_rcc.o [1]
Region$$Table$$Base      0x800'20e8          --   Gb  - Linker created -
Region$$Table$$Limit     0x800'20f8          --   Gb  - Linker created -
ResetVal                0x2000'002d    0x1  Data  Lc  exercise_mode.o [1]
SYSTICK_Delay_ms         0x800'1021   0x7c  Code  Gb  systick.o [1]
SYSTICK_Delay_ms::t0    0x2000'0020    0x4  Data  Lc  systick.o [1]
SYSTICK_Delay_ms::t1    0x2000'0024    0x4  Data  Lc  systick.o [1]
SYSTICK_Get_Tick         0x800'101b    0x6  Code  Gb  systick.o [1]
SYSTICK_Init             0x800'0ffd   0x14  Code  Gb  systick.o [1]
Screen_convertData       0x800'092d   0x50  Code  Lc  screen.o [1]
Sec                     0x2000'000c    0x4  Data  Gb  run_mode.o [1]
SetSysClock              0x800'1e4d    0x8  Code  Lc  system_stm32f10x.o [1]
SetSysClockTo72          0x800'1e55   0xae  Code  Lc  system_stm32f10x.o [1]
SysTick_Config           0x800'0fcd   0x30  Code  Lc  systick.o [1]
SysTick_Handler          0x800'1011    0xa  Code  Gb  systick.o [1]
SystemCoreClock         0x2000'0000    0x4  Data  Gb  system_stm32f10x.o [1]
SystemInit               0x800'1e09   0x44  Code  Gb  system_stm32f10x.o [1]
TIM2_IRQHandler          0x800'17d3   0x14  Code  Gb  timer2.o [1]
TIM_ClearFlag            0x800'1af3    0xa  Code  Gb  stm32f10x_tim.o [1]
TIM_Cmd                  0x800'1abd   0x1e  Code  Gb  stm32f10x_tim.o [1]
TIM_ITConfig             0x800'1adb   0x18  Code  Gb  stm32f10x_tim.o [1]
TIM_TimeBaseInit         0x800'1a21   0x8a  Code  Gb  stm32f10x_tim.o [1]
__aeabi_cfcmple          0x800'1439         Code  Gb  FltCmpLe.o [3]
__aeabi_cfrcmple         0x800'1415         Code  Gb  FltCmpGe.o [3]
__aeabi_d2f              0x800'19b9         Code  Gb  DblToFlt.o [3]
__aeabi_dadd             0x800'183d         Code  Gb  DblAdd.o [3]
__aeabi_f2d              0x800'17f5         Code  Gb  FltToDbl.o [3]
__aeabi_f2uiz            0x800'0cad         Code  Gb  FltToU32.o [3]
__aeabi_fadd             0x800'1331         Code  Gb  FltAdd.o [3]
__aeabi_fmul             0x800'0bd5         Code  Gb  FltMul.o [3]
__aeabi_memset           0x800'08c5         Code  Gb  ABImemset.o [4]
__cmain                  0x800'20f9         Code  Gb  cmain.o [4]
__exit                   0x800'212d   0x14  Code  Gb  exit.o [5]
__iar_Memset             0x800'08c5         Code  Gb  ABImemset.o [4]
__iar_Memset_word        0x800'08cd         Code  Gb  ABImemset.o [4]
__iar_dadd               0x800'1b15         Code  Gb  DblSub.o [3]
__iar_data_init3         0x800'20c1   0x28  Code  Gb  data_init.o [4]
__iar_dsub               0x800'184d         Code  Gb  DblAdd.o [3]
__iar_dsubStart          0x800'185f         Code  Gb  DblAdd.o [3]
__iar_fadd               0x800'145d         Code  Gb  FltSub.o [3]
__iar_fsub               0x800'133d         Code  Gb  FltAdd.o [3]
__iar_fsubStart          0x800'134d         Code  Gb  FltAdd.o [3]
__iar_packbits_init_single3
                         0x800'2089   0x38  Code  Gb  packbits_init_single.o [4]
__iar_program_start      0x800'2161         Code  Gb  cstartup_M.o [4]
__low_level_init         0x800'2117    0x4  Code  Gb  low_level_init.o [2]
__vector_table           0x800'0000         Data  Gb  startup_stm32f10x_md.o [1]
_call_main               0x800'2105         Code  Gb  cmain.o [4]
_exit                    0x800'2121         Code  Gb  cexit.o [4]
_main                    0x800'2113         Code  Gb  cmain.o [4]
blinkTimeLed             0x800'1be9   0x3a  Code  Lc  exercise_mode.o [1]
checkLastStateAndTurnFlag
                         0x800'1501   0x52  Code  Lc  run_mode.o [1]
countSec                 0x800'14d1   0x30  Code  Lc  run_mode.o [1]
decrease_val             0x800'1127   0x68  Code  Lc  setup_mode.o [1]
delay                    0x800'030f   0x2a  Code  Gb  lcd.o [1]
delay_and_scand          0x800'09f9   0x2e  Code  Gb  screen.o [1]
exercise_mode            0x800'1c6b  0x16e  Code  Gb  exercise_mode.o [1]
exercise_mode::stateReturn
                        0x2000'002f    0x1  Data  Lc  exercise_mode.o [1]
exit                     0x800'211b    0x4  Code  Gb  exit.o [2]
increase_val             0x800'10c1   0x66  Code  Lc  setup_mode.o [1]
isKeyPressed             0x800'0d63   0x44  Code  Lc  keypad.o [1]
lcd_clr                  0x800'0397   0x3c  Code  Gb  lcd.o [1]
lcd_clr_section          0x800'0717   0x76  Code  Gb  lcd.o [1]
lcd_init                 0x800'0339   0x5e  Code  Gb  lcd.o [1]
lcd_send_data            0x800'041f  0x2f8  Code  Gb  lcd.o [1]
lcd_show_data1           0x800'03d3   0x4c  Code  Gb  lcd.o [1]
main                     0x800'1fb9   0x8c  Code  Gb  main.o [1]
memset                   0x800'08af   0x14  Code  Gb  memset.o [4]
resetExVal               0x800'1c23   0x48  Code  Lc  exercise_mode.o [1]
resetRunMechineData      0x800'1df1   0x16  Code  Gb  common.o [1]
rowCheck                 0x800'0da7   0x4a  Code  Lc  keypad.o [1]
runMode                  0x800'1553  0x1ae  Code  Gb  run_mode.o [1]
setColX                  0x800'0d1d   0x46  Code  Lc  keypad.o [1]
setHighAllCol            0x800'0cd1   0x26  Code  Lc  keypad.o [1]
setLowAllCol             0x800'0cf7   0x26  Code  Lc  keypad.o [1]
setup_mode               0x800'118f  0x178  Code  Gb  setup_mode.o [1]
start_mode               0x800'1f21   0x98  Code  Gb  start_mode.o [1]
start_mode::stateReturn
                        0x2000'0032    0x1  Data  Lc  start_mode.o [1]
stopMode                 0x800'2045   0x44  Code  Gb  stop_mode.o [1]
tick                    0x2000'001c    0x4  Data  Lc  systick.o [1]
tim_callback_func       0x2000'0028    0x4  Data  Gb  timer2.o [1]
timeScreenMinute         0x800'09bb   0x3e  Code  Lc  screen.o [1]
timeScreenSecond         0x800'097d   0x3e  Code  Lc  screen.o [1]
timer_2_init             0x800'1765   0x40  Code  Gb  timer2.o [1]
timer_2_start            0x800'17ab   0x14  Code  Gb  timer2.o [1]
timer_2_stop             0x800'17bf   0x14  Code  Gb  timer2.o [1]
timer_callback_init      0x800'17a5    0x6  Code  Gb  timer2.o [1]
updateCalo               0x800'0a6b   0x26  Code  Gb  screen.o [1]
updateDistance           0x800'0a45   0x26  Code  Gb  screen.o [1]
updateEx                 0x800'0aff   0x54  Code  Gb  screen.o [1]
updateIncline            0x800'0a91   0x46  Code  Gb  screen.o [1]
updateSpeed              0x800'0ad7   0x28  Code  Gb  screen.o [1]
updateTime               0x800'0a27   0x1e  Code  Gb  screen.o [1]
waittingScreen           0x800'0b5d   0x78  Code  Gb  screen.o [1]
write_address            0x800'024d   0x64  Code  Gb  lcd.o [1]
write_command            0x800'01bd   0x90  Code  Gb  lcd.o [1]
write_data               0x800'02b1   0x5e  Code  Gb  lcd.o [1]
write_mode               0x800'011b   0xa2  Code  Gb  lcd.o [1]


[1] = D:\Vitech\sport1_mid_board\Project\Debug\Obj
[2] = dl7M_tln.a
[3] = m7M_tl.a
[4] = rt7M_tl.a
[5] = shb_l.a

  8'732 bytes of readonly  code memory
     39 bytes of readonly  data memory
  2'099 bytes of readwrite data memory

Errors: none
Warnings: none
