###############################################################################
#
# IAR ELF Linker V8.50.6.265/W32 for ARM                  03/Apr/2021  17:15:38
# Copyright 2007-2020 IAR Systems AB.
#
#    Output file  =
#        F:\Git\MOCK_Project\KhangFPT\sport1_mid_board\Project\Debug\Exe\Sport1_Mid.out
#    Map file     =
#        F:\Git\MOCK_Project\KhangFPT\sport1_mid_board\Project\Debug\List\Sport1_Mid.map
#    Command line =
#        -f C:\Users\hunga\AppData\Local\Temp\EW1D28.tmp
#        (F:\Git\MOCK_Project\KhangFPT\sport1_mid_board\Project\Debug\Obj\common.o
#        F:\Git\MOCK_Project\KhangFPT\sport1_mid_board\Project\Debug\Obj\debug.o
#        F:\Git\MOCK_Project\KhangFPT\sport1_mid_board\Project\Debug\Obj\exercise_mode.o
#        F:\Git\MOCK_Project\KhangFPT\sport1_mid_board\Project\Debug\Obj\keypad.o
#        F:\Git\MOCK_Project\KhangFPT\sport1_mid_board\Project\Debug\Obj\lcd.o
#        F:\Git\MOCK_Project\KhangFPT\sport1_mid_board\Project\Debug\Obj\main.o
#        F:\Git\MOCK_Project\KhangFPT\sport1_mid_board\Project\Debug\Obj\misc.o
#        F:\Git\MOCK_Project\KhangFPT\sport1_mid_board\Project\Debug\Obj\queue.o
#        F:\Git\MOCK_Project\KhangFPT\sport1_mid_board\Project\Debug\Obj\run_mode.o
#        F:\Git\MOCK_Project\KhangFPT\sport1_mid_board\Project\Debug\Obj\screen.o
#        F:\Git\MOCK_Project\KhangFPT\sport1_mid_board\Project\Debug\Obj\setup_mode.o
#        F:\Git\MOCK_Project\KhangFPT\sport1_mid_board\Project\Debug\Obj\start_mode.o
#        F:\Git\MOCK_Project\KhangFPT\sport1_mid_board\Project\Debug\Obj\startup_stm32f10x_md.o
#        F:\Git\MOCK_Project\KhangFPT\sport1_mid_board\Project\Debug\Obj\stm32f10x_adc.o
#        F:\Git\MOCK_Project\KhangFPT\sport1_mid_board\Project\Debug\Obj\stm32f10x_bkp.o
#        F:\Git\MOCK_Project\KhangFPT\sport1_mid_board\Project\Debug\Obj\stm32f10x_can.o
#        F:\Git\MOCK_Project\KhangFPT\sport1_mid_board\Project\Debug\Obj\stm32f10x_cec.o
#        F:\Git\MOCK_Project\KhangFPT\sport1_mid_board\Project\Debug\Obj\stm32f10x_crc.o
#        F:\Git\MOCK_Project\KhangFPT\sport1_mid_board\Project\Debug\Obj\stm32f10x_dac.o
#        F:\Git\MOCK_Project\KhangFPT\sport1_mid_board\Project\Debug\Obj\stm32f10x_dbgmcu.o
#        F:\Git\MOCK_Project\KhangFPT\sport1_mid_board\Project\Debug\Obj\stm32f10x_dma.o
#        F:\Git\MOCK_Project\KhangFPT\sport1_mid_board\Project\Debug\Obj\stm32f10x_exti.o
#        F:\Git\MOCK_Project\KhangFPT\sport1_mid_board\Project\Debug\Obj\stm32f10x_flash.o
#        F:\Git\MOCK_Project\KhangFPT\sport1_mid_board\Project\Debug\Obj\stm32f10x_fsmc.o
#        F:\Git\MOCK_Project\KhangFPT\sport1_mid_board\Project\Debug\Obj\stm32f10x_gpio.o
#        F:\Git\MOCK_Project\KhangFPT\sport1_mid_board\Project\Debug\Obj\stm32f10x_i2c.o
#        F:\Git\MOCK_Project\KhangFPT\sport1_mid_board\Project\Debug\Obj\stm32f10x_iwdg.o
#        F:\Git\MOCK_Project\KhangFPT\sport1_mid_board\Project\Debug\Obj\stm32f10x_pwr.o
#        F:\Git\MOCK_Project\KhangFPT\sport1_mid_board\Project\Debug\Obj\stm32f10x_rcc.o
#        F:\Git\MOCK_Project\KhangFPT\sport1_mid_board\Project\Debug\Obj\stm32f10x_rtc.o
#        F:\Git\MOCK_Project\KhangFPT\sport1_mid_board\Project\Debug\Obj\stm32f10x_sdio.o
#        F:\Git\MOCK_Project\KhangFPT\sport1_mid_board\Project\Debug\Obj\stm32f10x_spi.o
#        F:\Git\MOCK_Project\KhangFPT\sport1_mid_board\Project\Debug\Obj\stm32f10x_tim.o
#        F:\Git\MOCK_Project\KhangFPT\sport1_mid_board\Project\Debug\Obj\stm32f10x_usart.o
#        F:\Git\MOCK_Project\KhangFPT\sport1_mid_board\Project\Debug\Obj\stm32f10x_wwdg.o
#        F:\Git\MOCK_Project\KhangFPT\sport1_mid_board\Project\Debug\Obj\stop_mode.o
#        F:\Git\MOCK_Project\KhangFPT\sport1_mid_board\Project\Debug\Obj\system_stm32f10x.o
#        F:\Git\MOCK_Project\KhangFPT\sport1_mid_board\Project\Debug\Obj\systick.o
#        F:\Git\MOCK_Project\KhangFPT\sport1_mid_board\Project\Debug\Obj\xor.o
#        --no_out_extension -o
#        F:\Git\MOCK_Project\KhangFPT\sport1_mid_board\Project\Debug\Exe\Sport1_Mid.out
#        --map
#        F:\Git\MOCK_Project\KhangFPT\sport1_mid_board\Project\Debug\List\Sport1_Mid.map
#        --config D:\iar\arm\config\linker\ST\stm32f103x8.icf --semihosting
#        --entry __iar_program_start --vfe --text_out locale)
#
###############################################################################

*******************************************************************************
*** RUNTIME MODEL ATTRIBUTES
***

CppFlavor       = *
__SystemLibrary = DLib
__dlib_version  = 6


*******************************************************************************
*** HEAP SELECTION
***

The basic heap was selected because some modules are built with
size limitations (and not runtime checking), and --advanced_heap
was not specified.


*******************************************************************************
*** PLACEMENT SUMMARY
***

"A0":  place at address 0x800'0000 { ro section .intvec };
"P1":  place in [from 0x800'0000 to 0x800'ffff] { ro };
define block CSTACK with size = 2K, alignment = 8 { };
define block HEAP with size = 2K, alignment = 8 { };
"P2":  place in [from 0x2000'0000 to 0x2000'4fff] {
          rw, block CSTACK, block HEAP };
initialize by copy { rw };

  Section            Kind         Address    Size  Object
  -------            ----         -------    ----  ------
"A0":                                        0xec
  .intvec            ro code   0x800'0000    0xec  startup_stm32f10x_md.o [1]
                             - 0x800'00ec    0xec

"P1":                                      0x1e3b
  .text              ro code   0x800'00ec   0x6ac  lcd.o [1]
  .text              ro code   0x800'0798   0x116  stm32f10x_gpio.o [1]
  .text              ro code   0x800'08ae    0x14  memset.o [4]
  .text              ro code   0x800'08c4    0x66  ABImemset.o [4]
  .text              ro code   0x800'092c   0x2cc  setup_mode.o [1]
  .text              ro code   0x800'0bf8    0xe2  FltAdd.o [3]
  .text              ro code   0x800'0cdc    0x24  FltCmpGe.o [3]
  .text              ro code   0x800'0d00    0x24  FltCmpLe.o [3]
  .text              ro code   0x800'0d24   0x290  keypad.o [1]
  .text              ro code   0x800'0fb4   0x120  systick.o [1]
  .text              ro code   0x800'10d4   0x2a8  screen.o [1]
  .text              ro code   0x800'137c    0x74  FltSub.o [3]
  .text              ro code   0x800'13f0    0x20  stm32f10x_rcc.o [1]
  .text              ro code   0x800'1410    0xd8  FltMul.o [3]
  .text              ro code   0x800'14e8    0x22  FltToU32.o [3]
  .text              ro code   0x800'150c   0x1f8  exercise_mode.o [1]
  .text              ro code   0x800'1704    0x16  common.o [1]
  .text              ro code   0x800'171c   0x17a  DblAdd.o [3]
  .text              ro code   0x800'1898    0xd2  DblSub.o [3]
  .text              ro code   0x800'196c   0x118  system_stm32f10x.o [1]
  .text              ro code   0x800'1a84    0xec  run_mode.o [1]
  .text              ro code   0x800'1b70    0x94  start_mode.o [1]
  .text              ro code   0x800'1c04    0x7e  main.o [1]
  .text              ro code   0x800'1c84    0x38  stop_mode.o [1]
  .text              ro code   0x800'1cbc    0x48  FltToDbl.o [3]
  .text              ro code   0x800'1d04    0x68  DblToFlt.o [3]
  .text              ro code   0x800'1d6c    0x38  packbits_init_single.o [4]
  .text              ro code   0x800'1da4    0x28  data_init.o [4]
  .iar.init_table    const     0x800'1dcc    0x10  - Linker created -
  .text              ro code   0x800'1ddc    0x1e  cmain.o [4]
  .text              ro code   0x800'1dfa     0x4  low_level_init.o [2]
  .text              ro code   0x800'1dfe     0x4  exit.o [2]
  .text              ro code   0x800'1e04     0xa  cexit.o [4]
  .text              ro code   0x800'1e10    0x14  exit.o [5]
  .rodata            const     0x800'1e24    0x10  keypad.o [1]
  .text              ro code   0x800'1e34    0x10  startup_stm32f10x_md.o [1]
  .text              ro code   0x800'1e44     0xc  cstartup_M.o [4]
  .text              ro code   0x800'1e50     0x4  startup_stm32f10x_md.o [1]
  .text              ro code   0x800'1e54     0x4  startup_stm32f10x_md.o [1]
  .text              ro code   0x800'1e58     0x4  startup_stm32f10x_md.o [1]
  .text              ro code   0x800'1e5c     0x4  startup_stm32f10x_md.o [1]
  .text              ro code   0x800'1e60     0x4  startup_stm32f10x_md.o [1]
  .text              ro code   0x800'1e64     0x4  startup_stm32f10x_md.o [1]
  .text              ro code   0x800'1e68     0x4  startup_stm32f10x_md.o [1]
  .text              ro code   0x800'1e6c     0x4  startup_stm32f10x_md.o [1]
  .text              ro code   0x800'1e70     0x4  startup_stm32f10x_md.o [1]
  .text              ro code   0x800'1e74     0x4  startup_stm32f10x_md.o [1]
  .text              ro code   0x800'1e78     0x4  startup_stm32f10x_md.o [1]
  .text              ro code   0x800'1e7c     0x4  startup_stm32f10x_md.o [1]
  .text              ro code   0x800'1e80     0x4  startup_stm32f10x_md.o [1]
  .text              ro code   0x800'1e84     0x4  startup_stm32f10x_md.o [1]
  .text              ro code   0x800'1e88     0x4  startup_stm32f10x_md.o [1]
  .text              ro code   0x800'1e8c     0x4  startup_stm32f10x_md.o [1]
  .text              ro code   0x800'1e90     0x4  startup_stm32f10x_md.o [1]
  .text              ro code   0x800'1e94     0x4  startup_stm32f10x_md.o [1]
  .text              ro code   0x800'1e98     0x4  startup_stm32f10x_md.o [1]
  .text              ro code   0x800'1e9c     0x4  startup_stm32f10x_md.o [1]
  .text              ro code   0x800'1ea0     0x4  startup_stm32f10x_md.o [1]
  .text              ro code   0x800'1ea4     0x4  startup_stm32f10x_md.o [1]
  .text              ro code   0x800'1ea8     0x4  startup_stm32f10x_md.o [1]
  .text              ro code   0x800'1eac     0x4  startup_stm32f10x_md.o [1]
  .text              ro code   0x800'1eb0     0x4  startup_stm32f10x_md.o [1]
  .text              ro code   0x800'1eb4     0x4  startup_stm32f10x_md.o [1]
  .text              ro code   0x800'1eb8     0x4  startup_stm32f10x_md.o [1]
  .text              ro code   0x800'1ebc     0x4  startup_stm32f10x_md.o [1]
  .text              ro code   0x800'1ec0     0x4  startup_stm32f10x_md.o [1]
  .text              ro code   0x800'1ec4     0x4  startup_stm32f10x_md.o [1]
  .text              ro code   0x800'1ec8     0x4  startup_stm32f10x_md.o [1]
  .text              ro code   0x800'1ecc     0x4  startup_stm32f10x_md.o [1]
  .text              ro code   0x800'1ed0     0x4  startup_stm32f10x_md.o [1]
  .text              ro code   0x800'1ed4     0x4  startup_stm32f10x_md.o [1]
  .text              ro code   0x800'1ed8     0x4  startup_stm32f10x_md.o [1]
  .text              ro code   0x800'1edc     0x4  startup_stm32f10x_md.o [1]
  .text              ro code   0x800'1ee0     0x4  startup_stm32f10x_md.o [1]
  .text              ro code   0x800'1ee4     0x4  startup_stm32f10x_md.o [1]
  .text              ro code   0x800'1ee8     0x4  startup_stm32f10x_md.o [1]
  .text              ro code   0x800'1eec     0x4  startup_stm32f10x_md.o [1]
  .text              ro code   0x800'1ef0     0x4  startup_stm32f10x_md.o [1]
  .text              ro code   0x800'1ef4     0x4  startup_stm32f10x_md.o [1]
  .text              ro code   0x800'1ef8     0x4  startup_stm32f10x_md.o [1]
  .text              ro code   0x800'1efc     0x4  startup_stm32f10x_md.o [1]
  .text              ro code   0x800'1f00     0x4  startup_stm32f10x_md.o [1]
  .text              ro code   0x800'1f04     0x4  startup_stm32f10x_md.o [1]
  .text              ro code   0x800'1f08     0x4  startup_stm32f10x_md.o [1]
  .text              ro code   0x800'1f0c     0x4  startup_stm32f10x_md.o [1]
  .text              ro code   0x800'1f10     0x4  startup_stm32f10x_md.o [1]
  .text              ro code   0x800'1f14     0x4  startup_stm32f10x_md.o [1]
  .text              ro code   0x800'1f18     0x4  startup_stm32f10x_md.o [1]
  .text              ro code   0x800'1f1c     0x4  startup_stm32f10x_md.o [1]
  .rodata            const     0x800'1f20     0x0  packbits_init_single.o [4]
  Initializer bytes  const     0x800'1f20     0x7  <for P2-1>
                             - 0x800'1f27  0x1e3b

"P2", part 1 of 2:                           0x26
  P2-1                        0x2000'0000    0x26  <Init block>
    .data            inited   0x2000'0000     0x4  system_stm32f10x.o [1]
    .bss             inited   0x2000'0004     0x4  exercise_mode.o [1]
    .bss             inited   0x2000'0008     0x4  run_mode.o [1]
    .bss             inited   0x2000'000c     0x4  setup_mode.o [1]
    .bss             inited   0x2000'0010     0x4  systick.o [1]
    .bss             inited   0x2000'0014     0x4  systick.o [1]
    .bss             inited   0x2000'0018     0x4  systick.o [1]
    .bss             inited   0x2000'001c     0x1  common.o [1]
    .bss             inited   0x2000'001d     0x1  exercise_mode.o [1]
    .bss             inited   0x2000'001e     0x1  exercise_mode.o [1]
    .bss             inited   0x2000'001f     0x1  exercise_mode.o [1]
    .bss             inited   0x2000'0020     0x1  run_mode.o [1]
    .bss             inited   0x2000'0021     0x1  setup_mode.o [1]
    .bss             inited   0x2000'0022     0x1  setup_mode.o [1]
    .bss             inited   0x2000'0023     0x1  setup_mode.o [1]
    .bss             inited   0x2000'0024     0x1  setup_mode.o [1]
    .bss             inited   0x2000'0025     0x1  start_mode.o [1]
                            - 0x2000'0026    0x26

"P2", part 2 of 2:                          0x800
  CSTACK                      0x2000'0028   0x800  <Block>
    CSTACK           uninit   0x2000'0028   0x800  <Block tail>
                            - 0x2000'0828   0x800

Unused ranges:

         From           To    Size
         ----           --    ----
   0x800'1f27   0x800'ffff  0xe0d9
  0x2000'0026  0x2000'0027     0x2
  0x2000'0828  0x2000'4fff  0x47d8


*******************************************************************************
*** INIT TABLE
***

          Address      Size
          -------      ----
Copy/packbits (__iar_packbits_init_single3)
    1 source range, total size 0x7 (18% of destination):
           0x800'1f20   0x7
    1 destination range, total size 0x26:
          0x2000'0000  0x26



*******************************************************************************
*** MODULE SUMMARY
***

    Module                  ro code  ro data  rw data
    ------                  -------  -------  -------
command line/config:
    -------------------------------------------------
    Total:

F:\Git\MOCK_Project\KhangFPT\sport1_mid_board\Project\Debug\Obj: [1]
    common.o                     22                 1
    exercise_mode.o             504        1        7
    keypad.o                    656       16
    lcd.o                     1'708
    main.o                      126
    run_mode.o                  236        2        5
    screen.o                    680
    setup_mode.o                716                 8
    start_mode.o                148        1        1
    startup_stm32f10x_md.o      460
    stm32f10x_gpio.o            278
    stm32f10x_rcc.o              32
    stop_mode.o                  56
    system_stm32f10x.o          280                 4
    systick.o                   288        3       12
    -------------------------------------------------
    Total:                    6'190       23       38

dl7M_tln.a: [2]
    exit.o                        4
    low_level_init.o              4
    -------------------------------------------------
    Total:                        8

m7M_tl.a: [3]
    DblAdd.o                    378
    DblSub.o                    210
    DblToFlt.o                  104
    FltAdd.o                    226
    FltCmpGe.o                   36
    FltCmpLe.o                   36
    FltMul.o                    216
    FltSub.o                    116
    FltToDbl.o                   72
    FltToU32.o                   34
    -------------------------------------------------
    Total:                    1'428

rt7M_tl.a: [4]
    ABImemset.o                 102
    cexit.o                      10
    cmain.o                      30
    cstartup_M.o                 12
    data_init.o                  40
    memset.o                     20
    packbits_init_single.o       56
    -------------------------------------------------
    Total:                      270

shb_l.a: [5]
    exit.o                       20
    -------------------------------------------------
    Total:                       20

    Gaps                         20
    Linker created                        16    2'048
-----------------------------------------------------
    Grand Total:              7'936       39    2'086


*******************************************************************************
*** ENTRY LIST
***

Entry                       Address   Size  Type      Object
-----                       -------   ----  ----      ------
.iar.init_table$$Base    0x800'1dcc          --   Gb  - Linker created -
.iar.init_table$$Limit   0x800'1ddc          --   Gb  - Linker created -
?main                    0x800'1ddd         Code  Gb  cmain.o [4]
CSTACK$$Base            0x2000'0028          --   Gb  - Linker created -
CSTACK$$Limit           0x2000'0828          --   Gb  - Linker created -
CountForBlink           0x2000'0004    0x4  Data  Lc  exercise_mode.o [1]
CountForBlink           0x2000'000c    0x4  Data  Gb  setup_mode.o [1]
GPIO_Init                0x800'0799   0xea  Code  Gb  stm32f10x_gpio.o [1]
GPIO_LcdInit             0x800'00ed   0x2e  Code  Gb  lcd.o [1]
GPIO_ReadInputDataBit    0x800'0883   0x1c  Code  Gb  stm32f10x_gpio.o [1]
GPIO_ResetBits           0x800'08a7    0x8  Code  Gb  stm32f10x_gpio.o [1]
GPIO_SetBits             0x800'089f    0x8  Code  Gb  stm32f10x_gpio.o [1]
IsDataChanged           0x2000'001c    0x1  Data  Gb  common.o [1]
IsFistTimeRun           0x2000'001e    0x1  Data  Lc  exercise_mode.o [1]
IsFistTimeRun           0x2000'0022    0x1  Data  Lc  setup_mode.o [1]
IsThisTheFirstRun       0x2000'0008    0x4  Data  Gb  run_mode.o [1]
KEYPAD_Init              0x800'0e45   0xde  Code  Gb  keypad.o [1]
KEYPAD_ScanKey           0x800'0f23   0x8a  Code  Gb  keypad.o [1]
Keypad_Button_Values     0x800'1e24   0x10  Data  Gb  keypad.o [1]
ModeState               0x2000'0021    0x1  Data  Gb  setup_mode.o [1]
NVIC_SetPriority         0x800'0fb5   0x2c  Code  Lc  systick.o [1]
RCC_APB2PeriphClockCmd   0x800'13f1   0x1c  Code  Gb  stm32f10x_rcc.o [1]
Region$$Table$$Base      0x800'1dcc          --   Gb  - Linker created -
Region$$Table$$Limit     0x800'1ddc          --   Gb  - Linker created -
ResetVal                0x2000'001d    0x1  Data  Lc  exercise_mode.o [1]
SYSTICK_Delay_ms         0x800'1035   0x7c  Code  Gb  systick.o [1]
SYSTICK_Delay_ms::t0    0x2000'0014    0x4  Data  Lc  systick.o [1]
SYSTICK_Delay_ms::t1    0x2000'0018    0x4  Data  Lc  systick.o [1]
SYSTICK_Get_Tick         0x800'102f    0x6  Code  Gb  systick.o [1]
SYSTICK_Init             0x800'1011   0x14  Code  Gb  systick.o [1]
Screen_convertData       0x800'10d5   0x50  Code  Lc  screen.o [1]
SetSysClock              0x800'19b1    0x8  Code  Lc  system_stm32f10x.o [1]
SetSysClockTo72          0x800'19b9   0xae  Code  Lc  system_stm32f10x.o [1]
SysTick_Config           0x800'0fe1   0x30  Code  Lc  systick.o [1]
SysTick_Handler          0x800'1025    0xa  Code  Gb  systick.o [1]
SystemCoreClock         0x2000'0000    0x4  Data  Gb  system_stm32f10x.o [1]
SystemInit               0x800'196d   0x44  Code  Gb  system_stm32f10x.o [1]
__aeabi_cfcmple          0x800'0d01         Code  Gb  FltCmpLe.o [3]
__aeabi_cfrcmple         0x800'0cdd         Code  Gb  FltCmpGe.o [3]
__aeabi_d2f              0x800'1d05         Code  Gb  DblToFlt.o [3]
__aeabi_dadd             0x800'171d         Code  Gb  DblAdd.o [3]
__aeabi_f2d              0x800'1cbd         Code  Gb  FltToDbl.o [3]
__aeabi_f2uiz            0x800'14e9         Code  Gb  FltToU32.o [3]
__aeabi_fadd             0x800'0bf9         Code  Gb  FltAdd.o [3]
__aeabi_fmul             0x800'1411         Code  Gb  FltMul.o [3]
__aeabi_memset           0x800'08c5         Code  Gb  ABImemset.o [4]
__cmain                  0x800'1ddd         Code  Gb  cmain.o [4]
__exit                   0x800'1e11   0x14  Code  Gb  exit.o [5]
__iar_Memset             0x800'08c5         Code  Gb  ABImemset.o [4]
__iar_Memset_word        0x800'08cd         Code  Gb  ABImemset.o [4]
__iar_dadd               0x800'1899         Code  Gb  DblSub.o [3]
__iar_data_init3         0x800'1da5   0x28  Code  Gb  data_init.o [4]
__iar_dsub               0x800'172d         Code  Gb  DblAdd.o [3]
__iar_dsubStart          0x800'173f         Code  Gb  DblAdd.o [3]
__iar_fadd               0x800'137d         Code  Gb  FltSub.o [3]
__iar_fsub               0x800'0c05         Code  Gb  FltAdd.o [3]
__iar_fsubStart          0x800'0c15         Code  Gb  FltAdd.o [3]
__iar_packbits_init_single3
                         0x800'1d6d   0x38  Code  Gb  packbits_init_single.o [4]
__iar_program_start      0x800'1e45         Code  Gb  cstartup_M.o [4]
__low_level_init         0x800'1dfb    0x4  Code  Gb  low_level_init.o [2]
__vector_table           0x800'0000         Data  Gb  startup_stm32f10x_md.o [1]
_call_main               0x800'1de9         Code  Gb  cmain.o [4]
_exit                    0x800'1e05         Code  Gb  cexit.o [4]
_main                    0x800'1df7         Code  Gb  cmain.o [4]
blinkTimeLed             0x800'150d   0x3a  Code  Lc  exercise_mode.o [1]
decrease_val             0x800'0993   0x68  Code  Lc  setup_mode.o [1]
delay                    0x800'030f   0x2a  Code  Gb  lcd.o [1]
delay_and_scand          0x800'11a1   0x2e  Code  Gb  screen.o [1]
exercise_mode            0x800'158d  0x15e  Code  Gb  exercise_mode.o [1]
exercise_mode::stateReturn
                        0x2000'001f    0x1  Data  Lc  exercise_mode.o [1]
exit                     0x800'1dff    0x4  Code  Gb  exit.o [2]
increase_val             0x800'092d   0x66  Code  Lc  setup_mode.o [1]
isKeyPressed             0x800'0db7   0x44  Code  Lc  keypad.o [1]
lcd_clr                  0x800'0397   0x3c  Code  Gb  lcd.o [1]
lcd_clr_section          0x800'0717   0x76  Code  Gb  lcd.o [1]
lcd_init                 0x800'0339   0x5e  Code  Gb  lcd.o [1]
lcd_send_data            0x800'041f  0x2f8  Code  Gb  lcd.o [1]
lcd_show_data1           0x800'03d3   0x4c  Code  Gb  lcd.o [1]
main                     0x800'1c05   0x7e  Code  Gb  main.o [1]
memset                   0x800'08af   0x14  Code  Gb  memset.o [4]
resetRunMechineData      0x800'1705   0x16  Code  Gb  common.o [1]
restExVal                0x800'1547   0x46  Code  Lc  exercise_mode.o [1]
rowCheck                 0x800'0dfb   0x4a  Code  Lc  keypad.o [1]
runMode                  0x800'1a85   0xec  Code  Gb  run_mode.o [1]
runMode::stateReturn    0x2000'0020    0x1  Data  Lc  run_mode.o [1]
setColX                  0x800'0d71   0x46  Code  Lc  keypad.o [1]
setHighAllCol            0x800'0d25   0x26  Code  Lc  keypad.o [1]
setLowAllCol             0x800'0d4b   0x26  Code  Lc  keypad.o [1]
setup_mode               0x800'09fb  0x1cc  Code  Gb  setup_mode.o [1]
setup_mode::stateReturn
                        0x2000'0024    0x1  Data  Lc  setup_mode.o [1]
start_mode               0x800'1b71   0x94  Code  Gb  start_mode.o [1]
start_mode::stateReturn
                        0x2000'0025    0x1  Data  Lc  start_mode.o [1]
stopMode                 0x800'1c85   0x38  Code  Gb  stop_mode.o [1]
sttData                 0x2000'0023    0x1  Data  Gb  setup_mode.o [1]
tick                    0x2000'0010    0x4  Data  Lc  systick.o [1]
timeScreenMinute         0x800'1163   0x3e  Code  Lc  screen.o [1]
timeScreenSecond         0x800'1125   0x3e  Code  Lc  screen.o [1]
updateCalo               0x800'1213   0x26  Code  Gb  screen.o [1]
updateDistance           0x800'11ed   0x26  Code  Gb  screen.o [1]
updateEx                 0x800'12a7   0x54  Code  Gb  screen.o [1]
updateIncline            0x800'1239   0x46  Code  Gb  screen.o [1]
updateSpeed              0x800'127f   0x28  Code  Gb  screen.o [1]
updateTime               0x800'11cf   0x1e  Code  Gb  screen.o [1]
waittingScreen           0x800'1305   0x78  Code  Gb  screen.o [1]
write_address            0x800'024d   0x64  Code  Gb  lcd.o [1]
write_command            0x800'01bd   0x90  Code  Gb  lcd.o [1]
write_data               0x800'02b1   0x5e  Code  Gb  lcd.o [1]
write_mode               0x800'011b   0xa2  Code  Gb  lcd.o [1]


[1] = F:\Git\MOCK_Project\KhangFPT\sport1_mid_board\Project\Debug\Obj
[2] = dl7M_tln.a
[3] = m7M_tl.a
[4] = rt7M_tl.a
[5] = shb_l.a

  7'936 bytes of readonly  code memory
     39 bytes of readonly  data memory
  2'086 bytes of readwrite data memory

Errors: none
Warnings: none
