###############################################################################
#
# IAR ELF Linker V8.50.6.265/W32 for ARM                  10/Apr/2021  14:54:08
# Copyright 2007-2020 IAR Systems AB.
#
#    Output file  =
#        D:\Vitech\sport1_mid_board\Project\Debug\Exe\Sport1_Mid.out
#    Map file     =
#        D:\Vitech\sport1_mid_board\Project\Debug\List\Sport1_Mid.map
#    Command line =
#        -f C:\Users\PHAMAN~1\AppData\Local\Temp\EWC6D.tmp
#        (D:\Vitech\sport1_mid_board\Project\Debug\Obj\common.o
#        D:\Vitech\sport1_mid_board\Project\Debug\Obj\debug.o
#        D:\Vitech\sport1_mid_board\Project\Debug\Obj\exercise_mode.o
#        D:\Vitech\sport1_mid_board\Project\Debug\Obj\keypad.o
#        D:\Vitech\sport1_mid_board\Project\Debug\Obj\lcd.o
#        D:\Vitech\sport1_mid_board\Project\Debug\Obj\main.o
#        D:\Vitech\sport1_mid_board\Project\Debug\Obj\misc.o
#        D:\Vitech\sport1_mid_board\Project\Debug\Obj\queue.o
#        D:\Vitech\sport1_mid_board\Project\Debug\Obj\run_mode.o
#        D:\Vitech\sport1_mid_board\Project\Debug\Obj\screen.o
#        D:\Vitech\sport1_mid_board\Project\Debug\Obj\setup_mode.o
#        D:\Vitech\sport1_mid_board\Project\Debug\Obj\start_mode.o
#        D:\Vitech\sport1_mid_board\Project\Debug\Obj\startup_stm32f10x_md.o
#        D:\Vitech\sport1_mid_board\Project\Debug\Obj\stm32f10x_adc.o
#        D:\Vitech\sport1_mid_board\Project\Debug\Obj\stm32f10x_bkp.o
#        D:\Vitech\sport1_mid_board\Project\Debug\Obj\stm32f10x_can.o
#        D:\Vitech\sport1_mid_board\Project\Debug\Obj\stm32f10x_cec.o
#        D:\Vitech\sport1_mid_board\Project\Debug\Obj\stm32f10x_crc.o
#        D:\Vitech\sport1_mid_board\Project\Debug\Obj\stm32f10x_dac.o
#        D:\Vitech\sport1_mid_board\Project\Debug\Obj\stm32f10x_dbgmcu.o
#        D:\Vitech\sport1_mid_board\Project\Debug\Obj\stm32f10x_dma.o
#        D:\Vitech\sport1_mid_board\Project\Debug\Obj\stm32f10x_exti.o
#        D:\Vitech\sport1_mid_board\Project\Debug\Obj\stm32f10x_flash.o
#        D:\Vitech\sport1_mid_board\Project\Debug\Obj\stm32f10x_fsmc.o
#        D:\Vitech\sport1_mid_board\Project\Debug\Obj\stm32f10x_gpio.o
#        D:\Vitech\sport1_mid_board\Project\Debug\Obj\stm32f10x_i2c.o
#        D:\Vitech\sport1_mid_board\Project\Debug\Obj\stm32f10x_iwdg.o
#        D:\Vitech\sport1_mid_board\Project\Debug\Obj\stm32f10x_pwr.o
#        D:\Vitech\sport1_mid_board\Project\Debug\Obj\stm32f10x_rcc.o
#        D:\Vitech\sport1_mid_board\Project\Debug\Obj\stm32f10x_rtc.o
#        D:\Vitech\sport1_mid_board\Project\Debug\Obj\stm32f10x_sdio.o
#        D:\Vitech\sport1_mid_board\Project\Debug\Obj\stm32f10x_spi.o
#        D:\Vitech\sport1_mid_board\Project\Debug\Obj\stm32f10x_tim.o
#        D:\Vitech\sport1_mid_board\Project\Debug\Obj\stm32f10x_usart.o
#        D:\Vitech\sport1_mid_board\Project\Debug\Obj\stm32f10x_wwdg.o
#        D:\Vitech\sport1_mid_board\Project\Debug\Obj\stop_mode.o
#        D:\Vitech\sport1_mid_board\Project\Debug\Obj\system_stm32f10x.o
#        D:\Vitech\sport1_mid_board\Project\Debug\Obj\systick.o
#        D:\Vitech\sport1_mid_board\Project\Debug\Obj\timer2.o
#        D:\Vitech\sport1_mid_board\Project\Debug\Obj\xor.o --no_out_extension
#        -o D:\Vitech\sport1_mid_board\Project\Debug\Exe\Sport1_Mid.out --map
#        D:\Vitech\sport1_mid_board\Project\Debug\List\Sport1_Mid.map --config
#        "C:\Program Files (x86)\IAR Systems\Embedded Workbench
#        8.4\arm\config\linker\ST\stm32f103x8.icf" --semihosting --entry
#        __iar_program_start --vfe --text_out locale)
#
###############################################################################

*******************************************************************************
*** RUNTIME MODEL ATTRIBUTES
***

CppFlavor       = *
__SystemLibrary = DLib
__dlib_version  = 6


*******************************************************************************
*** HEAP SELECTION
***

The basic heap was selected because some modules are built with
size limitations (and not runtime checking), and --advanced_heap
was not specified.


*******************************************************************************
*** PLACEMENT SUMMARY
***

"A0":  place at address 0x800'0000 { ro section .intvec };
"P1":  place in [from 0x800'0000 to 0x800'ffff] { ro };
define block CSTACK with size = 2K, alignment = 8 { };
define block HEAP with size = 2K, alignment = 8 { };
"P2":  place in [from 0x2000'0000 to 0x2000'4fff] {
          rw, block CSTACK, block HEAP };
initialize by copy { rw };

  Section            Kind         Address    Size  Object
  -------            ----         -------    ----  ------
"A0":                                        0xec
  .intvec            ro code   0x800'0000    0xec  startup_stm32f10x_md.o [1]
                             - 0x800'00ec    0xec

"P1":                                      0x21c3
  .text              ro code   0x800'00ec   0x6ac  lcd.o [1]
  .text              ro code   0x800'0798   0x116  stm32f10x_gpio.o [1]
  .text              ro code   0x800'08ae    0x14  memset.o [4]
  .text              ro code   0x800'08c4    0x66  ABImemset.o [4]
  .text              ro code   0x800'092c   0x2a8  screen.o [1]
  .text              ro code   0x800'0bd4    0xd8  FltMul.o [3]
  .text              ro code   0x800'0cac    0x22  FltToU32.o [3]
  .text              ro code   0x800'0cd0   0x290  keypad.o [1]
  .text              ro code   0x800'0f60    0x40  stm32f10x_rcc.o [1]
  .text              ro code   0x800'0fa0   0x120  systick.o [1]
  .text              ro code   0x800'10c0   0x2a8  setup_mode.o [1]
  .text              ro code   0x800'1368    0xe2  FltAdd.o [3]
  .text              ro code   0x800'144c    0x24  FltCmpGe.o [3]
  .text              ro code   0x800'1470    0x24  FltCmpLe.o [3]
  .text              ro code   0x800'1494    0x74  FltSub.o [3]
  .text              ro code   0x800'1508   0x29c  run_mode.o [1]
  .text              ro code   0x800'17a4    0xbc  timer2.o [1]
  .text              ro code   0x800'1860    0x48  FltToDbl.o [3]
  .text              ro code   0x800'18a8   0x17a  DblAdd.o [3]
  .text              ro code   0x800'1a24    0x68  DblToFlt.o [3]
  .text              ro code   0x800'1a8c    0xf4  stm32f10x_tim.o [1]
  .text              ro code   0x800'1b80    0xd2  DblSub.o [3]
  .text              ro code   0x800'1c54   0x208  exercise_mode.o [1]
  .text              ro code   0x800'1e5c    0x16  common.o [1]
  .text              ro code   0x800'1e74   0x118  system_stm32f10x.o [1]
  .text              ro code   0x800'1f8c    0x98  start_mode.o [1]
  .text              ro code   0x800'2024    0x8c  main.o [1]
  .text              ro code   0x800'20b0    0x44  stop_mode.o [1]
  .text              ro code   0x800'20f4    0x38  packbits_init_single.o [4]
  .text              ro code   0x800'212c    0x28  data_init.o [4]
  .iar.init_table    const     0x800'2154    0x10  - Linker created -
  .text              ro code   0x800'2164    0x1e  cmain.o [4]
  .text              ro code   0x800'2182     0x4  low_level_init.o [2]
  .text              ro code   0x800'2186     0x4  exit.o [2]
  .text              ro code   0x800'218c     0xa  cexit.o [4]
  .text              ro code   0x800'2198    0x14  exit.o [5]
  .rodata            const     0x800'21ac    0x10  keypad.o [1]
  .text              ro code   0x800'21bc    0x10  startup_stm32f10x_md.o [1]
  .text              ro code   0x800'21cc     0xc  cstartup_M.o [4]
  .text              ro code   0x800'21d8     0x4  startup_stm32f10x_md.o [1]
  .text              ro code   0x800'21dc     0x4  startup_stm32f10x_md.o [1]
  .text              ro code   0x800'21e0     0x4  startup_stm32f10x_md.o [1]
  .text              ro code   0x800'21e4     0x4  startup_stm32f10x_md.o [1]
  .text              ro code   0x800'21e8     0x4  startup_stm32f10x_md.o [1]
  .text              ro code   0x800'21ec     0x4  startup_stm32f10x_md.o [1]
  .text              ro code   0x800'21f0     0x4  startup_stm32f10x_md.o [1]
  .text              ro code   0x800'21f4     0x4  startup_stm32f10x_md.o [1]
  .text              ro code   0x800'21f8     0x4  startup_stm32f10x_md.o [1]
  .text              ro code   0x800'21fc     0x4  startup_stm32f10x_md.o [1]
  .text              ro code   0x800'2200     0x4  startup_stm32f10x_md.o [1]
  .text              ro code   0x800'2204     0x4  startup_stm32f10x_md.o [1]
  .text              ro code   0x800'2208     0x4  startup_stm32f10x_md.o [1]
  .text              ro code   0x800'220c     0x4  startup_stm32f10x_md.o [1]
  .text              ro code   0x800'2210     0x4  startup_stm32f10x_md.o [1]
  .text              ro code   0x800'2214     0x4  startup_stm32f10x_md.o [1]
  .text              ro code   0x800'2218     0x4  startup_stm32f10x_md.o [1]
  .text              ro code   0x800'221c     0x4  startup_stm32f10x_md.o [1]
  .text              ro code   0x800'2220     0x4  startup_stm32f10x_md.o [1]
  .text              ro code   0x800'2224     0x4  startup_stm32f10x_md.o [1]
  .text              ro code   0x800'2228     0x4  startup_stm32f10x_md.o [1]
  .text              ro code   0x800'222c     0x4  startup_stm32f10x_md.o [1]
  .text              ro code   0x800'2230     0x4  startup_stm32f10x_md.o [1]
  .text              ro code   0x800'2234     0x4  startup_stm32f10x_md.o [1]
  .text              ro code   0x800'2238     0x4  startup_stm32f10x_md.o [1]
  .text              ro code   0x800'223c     0x4  startup_stm32f10x_md.o [1]
  .text              ro code   0x800'2240     0x4  startup_stm32f10x_md.o [1]
  .text              ro code   0x800'2244     0x4  startup_stm32f10x_md.o [1]
  .text              ro code   0x800'2248     0x4  startup_stm32f10x_md.o [1]
  .text              ro code   0x800'224c     0x4  startup_stm32f10x_md.o [1]
  .text              ro code   0x800'2250     0x4  startup_stm32f10x_md.o [1]
  .text              ro code   0x800'2254     0x4  startup_stm32f10x_md.o [1]
  .text              ro code   0x800'2258     0x4  startup_stm32f10x_md.o [1]
  .text              ro code   0x800'225c     0x4  startup_stm32f10x_md.o [1]
  .text              ro code   0x800'2260     0x4  startup_stm32f10x_md.o [1]
  .text              ro code   0x800'2264     0x4  startup_stm32f10x_md.o [1]
  .text              ro code   0x800'2268     0x4  startup_stm32f10x_md.o [1]
  .text              ro code   0x800'226c     0x4  startup_stm32f10x_md.o [1]
  .text              ro code   0x800'2270     0x4  startup_stm32f10x_md.o [1]
  .text              ro code   0x800'2274     0x4  startup_stm32f10x_md.o [1]
  .text              ro code   0x800'2278     0x4  startup_stm32f10x_md.o [1]
  .text              ro code   0x800'227c     0x4  startup_stm32f10x_md.o [1]
  .text              ro code   0x800'2280     0x4  startup_stm32f10x_md.o [1]
  .text              ro code   0x800'2284     0x4  startup_stm32f10x_md.o [1]
  .text              ro code   0x800'2288     0x4  startup_stm32f10x_md.o [1]
  .text              ro code   0x800'228c     0x4  startup_stm32f10x_md.o [1]
  .text              ro code   0x800'2290     0x4  startup_stm32f10x_md.o [1]
  .text              ro code   0x800'2294     0x4  startup_stm32f10x_md.o [1]
  .text              ro code   0x800'2298     0x4  startup_stm32f10x_md.o [1]
  .text              ro code   0x800'229c     0x4  startup_stm32f10x_md.o [1]
  .text              ro code   0x800'22a0     0x4  startup_stm32f10x_md.o [1]
  .text              ro code   0x800'22a4     0x4  startup_stm32f10x_md.o [1]
  .rodata            const     0x800'22a8     0x0  packbits_init_single.o [4]
  Initializer bytes  const     0x800'22a8     0x7  <for P2-1>
                             - 0x800'22af  0x21c3

"P2", part 1 of 2:                           0x3a
  P2-1                        0x2000'0000    0x3a  <Init block>
    .data            inited   0x2000'0000     0x4  system_stm32f10x.o [1]
    .bss             inited   0x2000'0004     0x4  exercise_mode.o [1]
    .bss             inited   0x2000'0008     0x4  run_mode.o [1]
    .bss             inited   0x2000'000c     0x4  run_mode.o [1]
    .bss             inited   0x2000'0010     0x4  run_mode.o [1]
    .bss             inited   0x2000'0014     0x4  run_mode.o [1]
    .bss             inited   0x2000'0018     0x4  run_mode.o [1]
    .bss             inited   0x2000'001c     0x4  setup_mode.o [1]
    .bss             inited   0x2000'0020     0x4  systick.o [1]
    .bss             inited   0x2000'0024     0x4  systick.o [1]
    .bss             inited   0x2000'0028     0x4  systick.o [1]
    .bss             inited   0x2000'002c     0x4  timer2.o [1]
    .bss             inited   0x2000'0030     0x1  common.o [1]
    .bss             inited   0x2000'0031     0x1  exercise_mode.o [1]
    .bss             inited   0x2000'0032     0x1  exercise_mode.o [1]
    .bss             inited   0x2000'0033     0x1  exercise_mode.o [1]
    .bss             inited   0x2000'0034     0x1  run_mode.o [1]
    .bss             inited   0x2000'0035     0x1  setup_mode.o [1]
    .bss             inited   0x2000'0036     0x1  setup_mode.o [1]
    .bss             inited   0x2000'0037     0x1  setup_mode.o [1]
    .bss             inited   0x2000'0038     0x1  setup_mode.o [1]
    .bss             inited   0x2000'0039     0x1  start_mode.o [1]
                            - 0x2000'003a    0x3a

"P2", part 2 of 2:                          0x800
  CSTACK                      0x2000'0040   0x800  <Block>
    CSTACK           uninit   0x2000'0040   0x800  <Block tail>
                            - 0x2000'0840   0x800

Unused ranges:

         From           To    Size
         ----           --    ----
   0x800'22af   0x800'ffff  0xdd51
  0x2000'003a  0x2000'003f     0x6
  0x2000'0840  0x2000'4fff  0x47c0


*******************************************************************************
*** INIT TABLE
***

          Address      Size
          -------      ----
Copy/packbits (__iar_packbits_init_single3)
    1 source range, total size 0x7 (12% of destination):
           0x800'22a8   0x7
    1 destination range, total size 0x3a:
          0x2000'0000  0x3a



*******************************************************************************
*** MODULE SUMMARY
***

    Module                  ro code  ro data  rw data
    ------                  -------  -------  -------
command line/config:
    -------------------------------------------------
    Total:

D:\Vitech\sport1_mid_board\Project\Debug\Obj: [1]
    common.o                     22                 1
    exercise_mode.o             520        1        7
    keypad.o                    656       16
    lcd.o                     1'708
    main.o                      140
    run_mode.o                  668        3       21
    screen.o                    680
    setup_mode.o                680                 8
    start_mode.o                152        1        1
    startup_stm32f10x_md.o      460
    stm32f10x_gpio.o            278
    stm32f10x_rcc.o              64
    stm32f10x_tim.o             244
    stop_mode.o                  68
    system_stm32f10x.o          280                 4
    systick.o                   288        2       12
    timer2.o                    188                 4
    -------------------------------------------------
    Total:                    7'096       23       58

dl7M_tln.a: [2]
    exit.o                        4
    low_level_init.o              4
    -------------------------------------------------
    Total:                        8

m7M_tl.a: [3]
    DblAdd.o                    378
    DblSub.o                    210
    DblToFlt.o                  104
    FltAdd.o                    226
    FltCmpGe.o                   36
    FltCmpLe.o                   36
    FltMul.o                    216
    FltSub.o                    116
    FltToDbl.o                   72
    FltToU32.o                   34
    -------------------------------------------------
    Total:                    1'428

rt7M_tl.a: [4]
    ABImemset.o                 102
    cexit.o                      10
    cmain.o                      30
    cstartup_M.o                 12
    data_init.o                  40
    memset.o                     20
    packbits_init_single.o       56
    -------------------------------------------------
    Total:                      270

shb_l.a: [5]
    exit.o                       20
    -------------------------------------------------
    Total:                       20

    Gaps                         18
    Linker created                        16    2'048
-----------------------------------------------------
    Grand Total:              8'840       39    2'106


*******************************************************************************
*** ENTRY LIST
***

Entry                       Address   Size  Type      Object
-----                       -------   ----  ----      ------
.iar.init_table$$Base    0x800'2154          --   Gb  - Linker created -
.iar.init_table$$Limit   0x800'2164          --   Gb  - Linker created -
?main                    0x800'2165         Code  Gb  cmain.o [4]
CSTACK$$Base            0x2000'0040          --   Gb  - Linker created -
CSTACK$$Limit           0x2000'0840          --   Gb  - Linker created -
CountDownFlag           0x2000'0010    0x4  Data  Gb  run_mode.o [1]
CountForBlink           0x2000'0004    0x4  Data  Lc  exercise_mode.o [1]
CountForBlink           0x2000'001c    0x4  Data  Gb  setup_mode.o [1]
ExeRunFlag              0x2000'0014    0x4  Data  Gb  run_mode.o [1]
GPIO_Init                0x800'0799   0xea  Code  Gb  stm32f10x_gpio.o [1]
GPIO_LcdInit             0x800'00ed   0x2e  Code  Gb  lcd.o [1]
GPIO_ReadInputDataBit    0x800'0883   0x1c  Code  Gb  stm32f10x_gpio.o [1]
GPIO_ResetBits           0x800'08a7    0x8  Code  Gb  stm32f10x_gpio.o [1]
GPIO_SetBits             0x800'089f    0x8  Code  Gb  stm32f10x_gpio.o [1]
IsDataChanged           0x2000'0030    0x1  Data  Gb  common.o [1]
IsFistTimeRun           0x2000'0032    0x1  Data  Lc  exercise_mode.o [1]
IsFistTimeRun           0x2000'0036    0x1  Data  Lc  setup_mode.o [1]
IsThisTheFirstRun       0x2000'0008    0x4  Data  Gb  run_mode.o [1]
KEYPAD_Init              0x800'0df1   0xde  Code  Gb  keypad.o [1]
KEYPAD_ScanKey           0x800'0ecf   0x8a  Code  Gb  keypad.o [1]
Keypad_Button_Values     0x800'21ac   0x10  Data  Gb  keypad.o [1]
ModeState               0x2000'0035    0x1  Data  Gb  setup_mode.o [1]
NVIC_DisableIRQ          0x800'17bb   0x16  Code  Lc  timer2.o [1]
NVIC_EnableIRQ           0x800'17a5   0x16  Code  Lc  timer2.o [1]
NVIC_SetPriority         0x800'0fa1   0x2c  Code  Lc  systick.o [1]
RCC_APB1PeriphClockCmd   0x800'0f7d   0x1c  Code  Gb  stm32f10x_rcc.o [1]
RCC_APB2PeriphClockCmd   0x800'0f61   0x1c  Code  Gb  stm32f10x_rcc.o [1]
Region$$Table$$Base      0x800'2154          --   Gb  - Linker created -
Region$$Table$$Limit     0x800'2164          --   Gb  - Linker created -
ResetVal                0x2000'0031    0x1  Data  Lc  exercise_mode.o [1]
SYSTICK_Delay_ms         0x800'1021   0x7c  Code  Gb  systick.o [1]
SYSTICK_Delay_ms::t0    0x2000'0024    0x4  Data  Lc  systick.o [1]
SYSTICK_Delay_ms::t1    0x2000'0028    0x4  Data  Lc  systick.o [1]
SYSTICK_Get_Tick         0x800'101b    0x6  Code  Gb  systick.o [1]
SYSTICK_Init             0x800'0ffd   0x14  Code  Gb  systick.o [1]
Screen_convertData       0x800'092d   0x50  Code  Lc  screen.o [1]
Sec                     0x2000'000c    0x4  Data  Gb  run_mode.o [1]
SetSysClock              0x800'1eb9    0x8  Code  Lc  system_stm32f10x.o [1]
SetSysClockTo72          0x800'1ec1   0xae  Code  Lc  system_stm32f10x.o [1]
SysTick_Config           0x800'0fcd   0x30  Code  Lc  systick.o [1]
SysTick_Handler          0x800'1011    0xa  Code  Gb  systick.o [1]
SystemCoreClock         0x2000'0000    0x4  Data  Gb  system_stm32f10x.o [1]
SystemInit               0x800'1e75   0x44  Code  Gb  system_stm32f10x.o [1]
TIM2_IRQHandler          0x800'183f   0x14  Code  Gb  timer2.o [1]
TIM_ClearFlag            0x800'1b5f    0xa  Code  Gb  stm32f10x_tim.o [1]
TIM_Cmd                  0x800'1b29   0x1e  Code  Gb  stm32f10x_tim.o [1]
TIM_ITConfig             0x800'1b47   0x18  Code  Gb  stm32f10x_tim.o [1]
TIM_TimeBaseInit         0x800'1a8d   0x8a  Code  Gb  stm32f10x_tim.o [1]
__aeabi_cfcmple          0x800'1471         Code  Gb  FltCmpLe.o [3]
__aeabi_cfrcmple         0x800'144d         Code  Gb  FltCmpGe.o [3]
__aeabi_d2f              0x800'1a25         Code  Gb  DblToFlt.o [3]
__aeabi_dadd             0x800'18a9         Code  Gb  DblAdd.o [3]
__aeabi_f2d              0x800'1861         Code  Gb  FltToDbl.o [3]
__aeabi_f2uiz            0x800'0cad         Code  Gb  FltToU32.o [3]
__aeabi_fadd             0x800'1369         Code  Gb  FltAdd.o [3]
__aeabi_fmul             0x800'0bd5         Code  Gb  FltMul.o [3]
__aeabi_memset           0x800'08c5         Code  Gb  ABImemset.o [4]
__cmain                  0x800'2165         Code  Gb  cmain.o [4]
__exit                   0x800'2199   0x14  Code  Gb  exit.o [5]
__iar_Memset             0x800'08c5         Code  Gb  ABImemset.o [4]
__iar_Memset_word        0x800'08cd         Code  Gb  ABImemset.o [4]
__iar_dadd               0x800'1b81         Code  Gb  DblSub.o [3]
__iar_data_init3         0x800'212d   0x28  Code  Gb  data_init.o [4]
__iar_dsub               0x800'18b9         Code  Gb  DblAdd.o [3]
__iar_dsubStart          0x800'18cb         Code  Gb  DblAdd.o [3]
__iar_fadd               0x800'1495         Code  Gb  FltSub.o [3]
__iar_fsub               0x800'1375         Code  Gb  FltAdd.o [3]
__iar_fsubStart          0x800'1385         Code  Gb  FltAdd.o [3]
__iar_packbits_init_single3
                         0x800'20f5   0x38  Code  Gb  packbits_init_single.o [4]
__iar_program_start      0x800'21cd         Code  Gb  cstartup_M.o [4]
__low_level_init         0x800'2183    0x4  Code  Gb  low_level_init.o [2]
__vector_table           0x800'0000         Data  Gb  startup_stm32f10x_md.o [1]
_call_main               0x800'2171         Code  Gb  cmain.o [4]
_exit                    0x800'218d         Code  Gb  cexit.o [4]
_main                    0x800'217f         Code  Gb  cmain.o [4]
blinkTimeLed             0x800'1c55   0x3a  Code  Lc  exercise_mode.o [1]
changeDataEx             0x800'1537    0xe  Code  Lc  run_mode.o [1]
countDownSec             0x800'1525   0x12  Code  Lc  run_mode.o [1]
countUpSec               0x800'1509   0x1c  Code  Lc  run_mode.o [1]
decrease_val             0x800'1127   0x68  Code  Lc  setup_mode.o [1]
delay                    0x800'030f   0x2a  Code  Gb  lcd.o [1]
delay_and_scand          0x800'09f9   0x2e  Code  Gb  screen.o [1]
exercise_mode            0x800'1cd7  0x16e  Code  Gb  exercise_mode.o [1]
exercise_mode::stateReturn
                        0x2000'0033    0x1  Data  Lc  exercise_mode.o [1]
exit                     0x800'2187    0x4  Code  Gb  exit.o [2]
increase_val             0x800'10c1   0x66  Code  Lc  setup_mode.o [1]
isKeyPressed             0x800'0d63   0x44  Code  Lc  keypad.o [1]
lcd_clr                  0x800'0397   0x3c  Code  Gb  lcd.o [1]
lcd_clr_section          0x800'0717   0x76  Code  Gb  lcd.o [1]
lcd_init                 0x800'0339   0x5e  Code  Gb  lcd.o [1]
lcd_send_data            0x800'041f  0x2f8  Code  Gb  lcd.o [1]
lcd_show_data1           0x800'03d3   0x4c  Code  Gb  lcd.o [1]
main                     0x800'2025   0x8c  Code  Gb  main.o [1]
memset                   0x800'08af   0x14  Code  Gb  memset.o [4]
resetRunMechineData      0x800'1e5d   0x16  Code  Gb  common.o [1]
restExVal                0x800'1c8f   0x48  Code  Lc  exercise_mode.o [1]
rowCheck                 0x800'0da7   0x4a  Code  Lc  keypad.o [1]
runMode                  0x800'1545  0x21e  Code  Gb  run_mode.o [1]
runMode::runTimeForChange
                        0x2000'0018    0x4  Data  Lc  run_mode.o [1]
runMode::stateReturn    0x2000'0034    0x1  Data  Lc  run_mode.o [1]
setColX                  0x800'0d1d   0x46  Code  Lc  keypad.o [1]
setHighAllCol            0x800'0cd1   0x26  Code  Lc  keypad.o [1]
setLowAllCol             0x800'0cf7   0x26  Code  Lc  keypad.o [1]
setup_mode               0x800'118f  0x1aa  Code  Gb  setup_mode.o [1]
setup_mode::stateReturn
                        0x2000'0038    0x1  Data  Lc  setup_mode.o [1]
start_mode               0x800'1f8d   0x98  Code  Gb  start_mode.o [1]
start_mode::stateReturn
                        0x2000'0039    0x1  Data  Lc  start_mode.o [1]
stopMode                 0x800'20b1   0x44  Code  Gb  stop_mode.o [1]
sttData                 0x2000'0037    0x1  Data  Gb  setup_mode.o [1]
tick                    0x2000'0020    0x4  Data  Lc  systick.o [1]
tim_callback_func       0x2000'002c    0x4  Data  Gb  timer2.o [1]
timeScreenMinute         0x800'09bb   0x3e  Code  Lc  screen.o [1]
timeScreenSecond         0x800'097d   0x3e  Code  Lc  screen.o [1]
timer_2_init             0x800'17d1   0x40  Code  Gb  timer2.o [1]
timer_2_start            0x800'1817   0x14  Code  Gb  timer2.o [1]
timer_2_stop             0x800'182b   0x14  Code  Gb  timer2.o [1]
timer_callback_init      0x800'1811    0x6  Code  Gb  timer2.o [1]
updateCalo               0x800'0a6b   0x26  Code  Gb  screen.o [1]
updateDistance           0x800'0a45   0x26  Code  Gb  screen.o [1]
updateEx                 0x800'0aff   0x54  Code  Gb  screen.o [1]
updateIncline            0x800'0a91   0x46  Code  Gb  screen.o [1]
updateSpeed              0x800'0ad7   0x28  Code  Gb  screen.o [1]
updateTime               0x800'0a27   0x1e  Code  Gb  screen.o [1]
waittingScreen           0x800'0b5d   0x78  Code  Gb  screen.o [1]
write_address            0x800'024d   0x64  Code  Gb  lcd.o [1]
write_command            0x800'01bd   0x90  Code  Gb  lcd.o [1]
write_data               0x800'02b1   0x5e  Code  Gb  lcd.o [1]
write_mode               0x800'011b   0xa2  Code  Gb  lcd.o [1]


[1] = D:\Vitech\sport1_mid_board\Project\Debug\Obj
[2] = dl7M_tln.a
[3] = m7M_tl.a
[4] = rt7M_tl.a
[5] = shb_l.a

  8'840 bytes of readonly  code memory
     39 bytes of readonly  data memory
  2'106 bytes of readwrite data memory

Errors: none
Warnings: none
