###############################################################################
#
# IAR ELF Linker V8.50.6.265/W32 for ARM                  11/Apr/2021  12:38:55
# Copyright 2007-2020 IAR Systems AB.
#
#    Output file  =
#        D:\Vitech\sport1_mid_board\Project\Debug\Exe\Sport1_Mid.out
#    Map file     =
#        D:\Vitech\sport1_mid_board\Project\Debug\List\Sport1_Mid.map
#    Command line =
#        -f C:\Users\PHAMAN~1\AppData\Local\Temp\EW176F.tmp
#        (D:\Vitech\sport1_mid_board\Project\Debug\Obj\common.o
#        D:\Vitech\sport1_mid_board\Project\Debug\Obj\debug.o
#        D:\Vitech\sport1_mid_board\Project\Debug\Obj\exercise_mode.o
#        D:\Vitech\sport1_mid_board\Project\Debug\Obj\keypad.o
#        D:\Vitech\sport1_mid_board\Project\Debug\Obj\lcd.o
#        D:\Vitech\sport1_mid_board\Project\Debug\Obj\main.o
#        D:\Vitech\sport1_mid_board\Project\Debug\Obj\misc.o
#        D:\Vitech\sport1_mid_board\Project\Debug\Obj\queue.o
#        D:\Vitech\sport1_mid_board\Project\Debug\Obj\run_mode.o
#        D:\Vitech\sport1_mid_board\Project\Debug\Obj\screen.o
#        D:\Vitech\sport1_mid_board\Project\Debug\Obj\setup_mode.o
#        D:\Vitech\sport1_mid_board\Project\Debug\Obj\start_mode.o
#        D:\Vitech\sport1_mid_board\Project\Debug\Obj\startup_stm32f10x_md.o
#        D:\Vitech\sport1_mid_board\Project\Debug\Obj\stm32f10x_adc.o
#        D:\Vitech\sport1_mid_board\Project\Debug\Obj\stm32f10x_bkp.o
#        D:\Vitech\sport1_mid_board\Project\Debug\Obj\stm32f10x_can.o
#        D:\Vitech\sport1_mid_board\Project\Debug\Obj\stm32f10x_cec.o
#        D:\Vitech\sport1_mid_board\Project\Debug\Obj\stm32f10x_crc.o
#        D:\Vitech\sport1_mid_board\Project\Debug\Obj\stm32f10x_dac.o
#        D:\Vitech\sport1_mid_board\Project\Debug\Obj\stm32f10x_dbgmcu.o
#        D:\Vitech\sport1_mid_board\Project\Debug\Obj\stm32f10x_dma.o
#        D:\Vitech\sport1_mid_board\Project\Debug\Obj\stm32f10x_exti.o
#        D:\Vitech\sport1_mid_board\Project\Debug\Obj\stm32f10x_flash.o
#        D:\Vitech\sport1_mid_board\Project\Debug\Obj\stm32f10x_fsmc.o
#        D:\Vitech\sport1_mid_board\Project\Debug\Obj\stm32f10x_gpio.o
#        D:\Vitech\sport1_mid_board\Project\Debug\Obj\stm32f10x_i2c.o
#        D:\Vitech\sport1_mid_board\Project\Debug\Obj\stm32f10x_iwdg.o
#        D:\Vitech\sport1_mid_board\Project\Debug\Obj\stm32f10x_pwr.o
#        D:\Vitech\sport1_mid_board\Project\Debug\Obj\stm32f10x_rcc.o
#        D:\Vitech\sport1_mid_board\Project\Debug\Obj\stm32f10x_rtc.o
#        D:\Vitech\sport1_mid_board\Project\Debug\Obj\stm32f10x_sdio.o
#        D:\Vitech\sport1_mid_board\Project\Debug\Obj\stm32f10x_spi.o
#        D:\Vitech\sport1_mid_board\Project\Debug\Obj\stm32f10x_tim.o
#        D:\Vitech\sport1_mid_board\Project\Debug\Obj\stm32f10x_usart.o
#        D:\Vitech\sport1_mid_board\Project\Debug\Obj\stm32f10x_wwdg.o
#        D:\Vitech\sport1_mid_board\Project\Debug\Obj\stop_mode.o
#        D:\Vitech\sport1_mid_board\Project\Debug\Obj\system_stm32f10x.o
#        D:\Vitech\sport1_mid_board\Project\Debug\Obj\systick.o
#        D:\Vitech\sport1_mid_board\Project\Debug\Obj\timer2.o
#        D:\Vitech\sport1_mid_board\Project\Debug\Obj\xor.o --no_out_extension
#        -o D:\Vitech\sport1_mid_board\Project\Debug\Exe\Sport1_Mid.out --map
#        D:\Vitech\sport1_mid_board\Project\Debug\List\Sport1_Mid.map --config
#        "C:\Program Files (x86)\IAR Systems\Embedded Workbench
#        8.4\arm\config\linker\ST\stm32f103x8.icf" --semihosting --entry
#        __iar_program_start --vfe --text_out locale)
#
###############################################################################

*******************************************************************************
*** RUNTIME MODEL ATTRIBUTES
***

CppFlavor       = *
__SystemLibrary = DLib
__dlib_version  = 6


*******************************************************************************
*** HEAP SELECTION
***

The basic heap was selected because some modules are built with
size limitations (and not runtime checking), and --advanced_heap
was not specified.


*******************************************************************************
*** PLACEMENT SUMMARY
***

"A0":  place at address 0x800'0000 { ro section .intvec };
"P1":  place in [from 0x800'0000 to 0x800'ffff] { ro };
define block CSTACK with size = 2K, alignment = 8 { };
define block HEAP with size = 2K, alignment = 8 { };
"P2":  place in [from 0x2000'0000 to 0x2000'4fff] {
          rw, block CSTACK, block HEAP };
initialize by copy { rw };

  Section            Kind         Address    Size  Object
  -------            ----         -------    ----  ------
"A0":                                        0xec
  .intvec            ro code   0x800'0000    0xec  startup_stm32f10x_md.o [1]
                             - 0x800'00ec    0xec

"P1":                                      0x2217
  .text              ro code   0x800'00ec   0x6ac  lcd.o [1]
  .text              ro code   0x800'0798   0x116  stm32f10x_gpio.o [1]
  .text              ro code   0x800'08ae    0x14  memset.o [4]
  .text              ro code   0x800'08c4    0x66  ABImemset.o [4]
  .text              ro code   0x800'092c   0x304  run_mode.o [1]
  .text              ro code   0x800'0c30    0xbc  timer2.o [1]
  .text              ro code   0x800'0cec   0x2a8  screen.o [1]
  .text              ro code   0x800'0f94   0x290  keypad.o [1]
  .text              ro code   0x800'1224    0x48  FltToDbl.o [3]
  .text              ro code   0x800'126c   0x17a  DblAdd.o [3]
  .text              ro code   0x800'13e8    0x68  DblToFlt.o [3]
  .text              ro code   0x800'1450    0x24  FltCmpGe.o [3]
  .text              ro code   0x800'1474    0x24  FltCmpLe.o [3]
  .text              ro code   0x800'1498    0x1c  U32ToFlt.o [3]
  .text              ro code   0x800'14b4    0xe2  FltAdd.o [3]
  .text              ro code   0x800'1598    0x40  stm32f10x_rcc.o [1]
  .text              ro code   0x800'15d8    0xf4  stm32f10x_tim.o [1]
  .text              ro code   0x800'16cc    0xd8  FltMul.o [3]
  .text              ro code   0x800'17a4    0x22  FltToU32.o [3]
  .text              ro code   0x800'17c8   0x120  systick.o [1]
  .text              ro code   0x800'18e8    0xd2  DblSub.o [3]
  .text              ro code   0x800'19bc    0x74  FltSub.o [3]
  .text              ro code   0x800'1a30   0x270  setup_mode.o [1]
  .text              ro code   0x800'1ca0   0x208  exercise_mode.o [1]
  .text              ro code   0x800'1ea8    0x16  common.o [1]
  .text              ro code   0x800'1ec0   0x118  system_stm32f10x.o [1]
  .text              ro code   0x800'1fd8    0x98  start_mode.o [1]
  .text              ro code   0x800'2070    0x8c  main.o [1]
  .text              ro code   0x800'20fc    0x44  stop_mode.o [1]
  .text              ro code   0x800'2140    0x38  packbits_init_single.o [4]
  .text              ro code   0x800'2178    0x28  data_init.o [4]
  .iar.init_table    const     0x800'21a0    0x10  - Linker created -
  .text              ro code   0x800'21b0    0x1e  cmain.o [4]
  .text              ro code   0x800'21ce     0x4  low_level_init.o [2]
  .text              ro code   0x800'21d2     0x4  exit.o [2]
  .text              ro code   0x800'21d8     0xa  cexit.o [4]
  .text              ro code   0x800'21e4    0x14  exit.o [5]
  .rodata            const     0x800'21f8    0x10  keypad.o [1]
  .text              ro code   0x800'2208    0x10  startup_stm32f10x_md.o [1]
  .text              ro code   0x800'2218     0xc  cstartup_M.o [4]
  .text              ro code   0x800'2224     0x4  startup_stm32f10x_md.o [1]
  .text              ro code   0x800'2228     0x4  startup_stm32f10x_md.o [1]
  .text              ro code   0x800'222c     0x4  startup_stm32f10x_md.o [1]
  .text              ro code   0x800'2230     0x4  startup_stm32f10x_md.o [1]
  .text              ro code   0x800'2234     0x4  startup_stm32f10x_md.o [1]
  .text              ro code   0x800'2238     0x4  startup_stm32f10x_md.o [1]
  .text              ro code   0x800'223c     0x4  startup_stm32f10x_md.o [1]
  .text              ro code   0x800'2240     0x4  startup_stm32f10x_md.o [1]
  .text              ro code   0x800'2244     0x4  startup_stm32f10x_md.o [1]
  .text              ro code   0x800'2248     0x4  startup_stm32f10x_md.o [1]
  .text              ro code   0x800'224c     0x4  startup_stm32f10x_md.o [1]
  .text              ro code   0x800'2250     0x4  startup_stm32f10x_md.o [1]
  .text              ro code   0x800'2254     0x4  startup_stm32f10x_md.o [1]
  .text              ro code   0x800'2258     0x4  startup_stm32f10x_md.o [1]
  .text              ro code   0x800'225c     0x4  startup_stm32f10x_md.o [1]
  .text              ro code   0x800'2260     0x4  startup_stm32f10x_md.o [1]
  .text              ro code   0x800'2264     0x4  startup_stm32f10x_md.o [1]
  .text              ro code   0x800'2268     0x4  startup_stm32f10x_md.o [1]
  .text              ro code   0x800'226c     0x4  startup_stm32f10x_md.o [1]
  .text              ro code   0x800'2270     0x4  startup_stm32f10x_md.o [1]
  .text              ro code   0x800'2274     0x4  startup_stm32f10x_md.o [1]
  .text              ro code   0x800'2278     0x4  startup_stm32f10x_md.o [1]
  .text              ro code   0x800'227c     0x4  startup_stm32f10x_md.o [1]
  .text              ro code   0x800'2280     0x4  startup_stm32f10x_md.o [1]
  .text              ro code   0x800'2284     0x4  startup_stm32f10x_md.o [1]
  .text              ro code   0x800'2288     0x4  startup_stm32f10x_md.o [1]
  .text              ro code   0x800'228c     0x4  startup_stm32f10x_md.o [1]
  .text              ro code   0x800'2290     0x4  startup_stm32f10x_md.o [1]
  .text              ro code   0x800'2294     0x4  startup_stm32f10x_md.o [1]
  .text              ro code   0x800'2298     0x4  startup_stm32f10x_md.o [1]
  .text              ro code   0x800'229c     0x4  startup_stm32f10x_md.o [1]
  .text              ro code   0x800'22a0     0x4  startup_stm32f10x_md.o [1]
  .text              ro code   0x800'22a4     0x4  startup_stm32f10x_md.o [1]
  .text              ro code   0x800'22a8     0x4  startup_stm32f10x_md.o [1]
  .text              ro code   0x800'22ac     0x4  startup_stm32f10x_md.o [1]
  .text              ro code   0x800'22b0     0x4  startup_stm32f10x_md.o [1]
  .text              ro code   0x800'22b4     0x4  startup_stm32f10x_md.o [1]
  .text              ro code   0x800'22b8     0x4  startup_stm32f10x_md.o [1]
  .text              ro code   0x800'22bc     0x4  startup_stm32f10x_md.o [1]
  .text              ro code   0x800'22c0     0x4  startup_stm32f10x_md.o [1]
  .text              ro code   0x800'22c4     0x4  startup_stm32f10x_md.o [1]
  .text              ro code   0x800'22c8     0x4  startup_stm32f10x_md.o [1]
  .text              ro code   0x800'22cc     0x4  startup_stm32f10x_md.o [1]
  .text              ro code   0x800'22d0     0x4  startup_stm32f10x_md.o [1]
  .text              ro code   0x800'22d4     0x4  startup_stm32f10x_md.o [1]
  .text              ro code   0x800'22d8     0x4  startup_stm32f10x_md.o [1]
  .text              ro code   0x800'22dc     0x4  startup_stm32f10x_md.o [1]
  .text              ro code   0x800'22e0     0x4  startup_stm32f10x_md.o [1]
  .text              ro code   0x800'22e4     0x4  startup_stm32f10x_md.o [1]
  .text              ro code   0x800'22e8     0x4  startup_stm32f10x_md.o [1]
  .text              ro code   0x800'22ec     0x4  startup_stm32f10x_md.o [1]
  .text              ro code   0x800'22f0     0x4  startup_stm32f10x_md.o [1]
  .rodata            const     0x800'22f4     0x0  packbits_init_single.o [4]
  Initializer bytes  const     0x800'22f4     0xf  <for P2-1>
                             - 0x800'2303  0x2217

"P2", part 1 of 2:                           0xef
  P2-1                        0x2000'0000    0xef  <Init block>
    .data            inited   0x2000'0000    0xb4  run_mode.o [1]
    .data            inited   0x2000'00b4     0x4  system_stm32f10x.o [1]
    .bss             inited   0x2000'00b8     0x4  exercise_mode.o [1]
    .bss             inited   0x2000'00bc     0x4  run_mode.o [1]
    .bss             inited   0x2000'00c0     0x4  run_mode.o [1]
    .bss             inited   0x2000'00c4     0x4  run_mode.o [1]
    .bss             inited   0x2000'00c8     0x4  run_mode.o [1]
    .bss             inited   0x2000'00cc     0x4  run_mode.o [1]
    .bss             inited   0x2000'00d0     0x4  run_mode.o [1]
    .bss             inited   0x2000'00d4     0x4  setup_mode.o [1]
    .bss             inited   0x2000'00d8     0x4  systick.o [1]
    .bss             inited   0x2000'00dc     0x4  systick.o [1]
    .bss             inited   0x2000'00e0     0x4  systick.o [1]
    .bss             inited   0x2000'00e4     0x4  timer2.o [1]
    .bss             inited   0x2000'00e8     0x1  common.o [1]
    .bss             inited   0x2000'00e9     0x1  exercise_mode.o [1]
    .bss             inited   0x2000'00ea     0x1  exercise_mode.o [1]
    .bss             inited   0x2000'00eb     0x1  exercise_mode.o [1]
    .bss             inited   0x2000'00ec     0x1  setup_mode.o [1]
    .bss             inited   0x2000'00ed     0x1  setup_mode.o [1]
    .bss             inited   0x2000'00ee     0x1  start_mode.o [1]
                            - 0x2000'00ef    0xef

"P2", part 2 of 2:                          0x800
  CSTACK                      0x2000'00f0   0x800  <Block>
    CSTACK           uninit   0x2000'00f0   0x800  <Block tail>
                            - 0x2000'08f0   0x800

Unused ranges:

         From           To    Size
         ----           --    ----
   0x800'2303   0x800'ffff  0xdcfd
  0x2000'00ef  0x2000'00ef     0x1
  0x2000'08f0  0x2000'4fff  0x4710


*******************************************************************************
*** INIT TABLE
***

          Address      Size
          -------      ----
Copy/packbits (__iar_packbits_init_single3)
    1 source range, total size 0xf (6% of destination):
           0x800'22f4   0xf
    1 destination range, total size 0xef:
          0x2000'0000  0xef



*******************************************************************************
*** MODULE SUMMARY
***

    Module                  ro code  ro data  rw data
    ------                  -------  -------  -------
command line/config:
    -------------------------------------------------
    Total:

D:\Vitech\sport1_mid_board\Project\Debug\Obj: [1]
    common.o                     22                 1
    exercise_mode.o             520                 7
    keypad.o                    656       16
    lcd.o                     1'708
    main.o                      140
    run_mode.o                  772       13      204
    screen.o                    680
    setup_mode.o                624                 6
    start_mode.o                152        1        1
    startup_stm32f10x_md.o      460
    stm32f10x_gpio.o            278
    stm32f10x_rcc.o              64
    stm32f10x_tim.o             244
    stop_mode.o                  68
    system_stm32f10x.o          280                 4
    systick.o                   288        1       12
    timer2.o                    188                 4
    -------------------------------------------------
    Total:                    7'144       31      239

dl7M_tln.a: [2]
    exit.o                        4
    low_level_init.o              4
    -------------------------------------------------
    Total:                        8

m7M_tl.a: [3]
    DblAdd.o                    378
    DblSub.o                    210
    DblToFlt.o                  104
    FltAdd.o                    226
    FltCmpGe.o                   36
    FltCmpLe.o                   36
    FltMul.o                    216
    FltSub.o                    116
    FltToDbl.o                   72
    FltToU32.o                   34
    U32ToFlt.o                   28
    -------------------------------------------------
    Total:                    1'456

rt7M_tl.a: [4]
    ABImemset.o                 102
    cexit.o                      10
    cmain.o                      30
    cstartup_M.o                 12
    data_init.o                  40
    memset.o                     20
    packbits_init_single.o       56
    -------------------------------------------------
    Total:                      270

shb_l.a: [5]
    exit.o                       20
    -------------------------------------------------
    Total:                       20

    Gaps                         18
    Linker created                        16    2'048
-----------------------------------------------------
    Grand Total:              8'916       47    2'287


*******************************************************************************
*** ENTRY LIST
***

Entry                       Address   Size  Type      Object
-----                       -------   ----  ----      ------
.iar.init_table$$Base    0x800'21a0          --   Gb  - Linker created -
.iar.init_table$$Limit   0x800'21b0          --   Gb  - Linker created -
?main                    0x800'21b1         Code  Gb  cmain.o [4]
CSTACK$$Base            0x2000'00f0          --   Gb  - Linker created -
CSTACK$$Limit           0x2000'08f0          --   Gb  - Linker created -
CountDownFlag           0x2000'00c4    0x4  Data  Gb  run_mode.o [1]
CountForBlink           0x2000'00b8    0x4  Data  Lc  exercise_mode.o [1]
CountForBlink           0x2000'00d4    0x4  Data  Gb  setup_mode.o [1]
ExeRunFlag              0x2000'00c8    0x4  Data  Gb  run_mode.o [1]
Execrise                0x2000'0000   0xb4  Data  Gb  run_mode.o [1]
GPIO_Init                0x800'0799   0xea  Code  Gb  stm32f10x_gpio.o [1]
GPIO_LcdInit             0x800'00ed   0x2e  Code  Gb  lcd.o [1]
GPIO_ReadInputDataBit    0x800'0883   0x1c  Code  Gb  stm32f10x_gpio.o [1]
GPIO_ResetBits           0x800'08a7    0x8  Code  Gb  stm32f10x_gpio.o [1]
GPIO_SetBits             0x800'089f    0x8  Code  Gb  stm32f10x_gpio.o [1]
IsDataChanged           0x2000'00e8    0x1  Data  Gb  common.o [1]
IsFistTimeRun           0x2000'00ea    0x1  Data  Lc  exercise_mode.o [1]
IsFistTimeRun           0x2000'00ed    0x1  Data  Lc  setup_mode.o [1]
IsThisTheFirstRun       0x2000'00bc    0x4  Data  Gb  run_mode.o [1]
KEYPAD_Init              0x800'10b5   0xde  Code  Gb  keypad.o [1]
KEYPAD_ScanKey           0x800'1193   0x8a  Code  Gb  keypad.o [1]
Keypad_Button_Values     0x800'21f8   0x10  Data  Gb  keypad.o [1]
ModeState               0x2000'00ec    0x1  Data  Gb  setup_mode.o [1]
NVIC_DisableIRQ          0x800'0c47   0x16  Code  Lc  timer2.o [1]
NVIC_EnableIRQ           0x800'0c31   0x16  Code  Lc  timer2.o [1]
NVIC_SetPriority         0x800'17c9   0x2c  Code  Lc  systick.o [1]
RCC_APB1PeriphClockCmd   0x800'15b5   0x1c  Code  Gb  stm32f10x_rcc.o [1]
RCC_APB2PeriphClockCmd   0x800'1599   0x1c  Code  Gb  stm32f10x_rcc.o [1]
Region$$Table$$Base      0x800'21a0          --   Gb  - Linker created -
Region$$Table$$Limit     0x800'21b0          --   Gb  - Linker created -
ResetVal                0x2000'00e9    0x1  Data  Lc  exercise_mode.o [1]
SYSTICK_Delay_ms         0x800'1849   0x7c  Code  Gb  systick.o [1]
SYSTICK_Delay_ms::t0    0x2000'00dc    0x4  Data  Lc  systick.o [1]
SYSTICK_Delay_ms::t1    0x2000'00e0    0x4  Data  Lc  systick.o [1]
SYSTICK_Get_Tick         0x800'1843    0x6  Code  Gb  systick.o [1]
SYSTICK_Init             0x800'1825   0x14  Code  Gb  systick.o [1]
Screen_convertData       0x800'0ced   0x50  Code  Lc  screen.o [1]
Sec                     0x2000'00c0    0x4  Data  Gb  run_mode.o [1]
SetSysClock              0x800'1f05    0x8  Code  Lc  system_stm32f10x.o [1]
SetSysClockTo72          0x800'1f0d   0xae  Code  Lc  system_stm32f10x.o [1]
SysTick_Config           0x800'17f5   0x30  Code  Lc  systick.o [1]
SysTick_Handler          0x800'1839    0xa  Code  Gb  systick.o [1]
SystemCoreClock         0x2000'00b4    0x4  Data  Gb  system_stm32f10x.o [1]
SystemInit               0x800'1ec1   0x44  Code  Gb  system_stm32f10x.o [1]
TIM2_IRQHandler          0x800'0ccb   0x14  Code  Gb  timer2.o [1]
TIM_ClearFlag            0x800'16ab    0xa  Code  Gb  stm32f10x_tim.o [1]
TIM_Cmd                  0x800'1675   0x1e  Code  Gb  stm32f10x_tim.o [1]
TIM_ITConfig             0x800'1693   0x18  Code  Gb  stm32f10x_tim.o [1]
TIM_TimeBaseInit         0x800'15d9   0x8a  Code  Gb  stm32f10x_tim.o [1]
__aeabi_cfcmple          0x800'1475         Code  Gb  FltCmpLe.o [3]
__aeabi_cfrcmple         0x800'1451         Code  Gb  FltCmpGe.o [3]
__aeabi_d2f              0x800'13e9         Code  Gb  DblToFlt.o [3]
__aeabi_dadd             0x800'126d         Code  Gb  DblAdd.o [3]
__aeabi_f2d              0x800'1225         Code  Gb  FltToDbl.o [3]
__aeabi_f2uiz            0x800'17a5         Code  Gb  FltToU32.o [3]
__aeabi_fadd             0x800'14b5         Code  Gb  FltAdd.o [3]
__aeabi_fmul             0x800'16cd         Code  Gb  FltMul.o [3]
__aeabi_memset           0x800'08c5         Code  Gb  ABImemset.o [4]
__aeabi_ui2f             0x800'1499         Code  Gb  U32ToFlt.o [3]
__cmain                  0x800'21b1         Code  Gb  cmain.o [4]
__exit                   0x800'21e5   0x14  Code  Gb  exit.o [5]
__iar_Memset             0x800'08c5         Code  Gb  ABImemset.o [4]
__iar_Memset_word        0x800'08cd         Code  Gb  ABImemset.o [4]
__iar_dadd               0x800'18e9         Code  Gb  DblSub.o [3]
__iar_data_init3         0x800'2179   0x28  Code  Gb  data_init.o [4]
__iar_dsub               0x800'127d         Code  Gb  DblAdd.o [3]
__iar_dsubStart          0x800'128f         Code  Gb  DblAdd.o [3]
__iar_fadd               0x800'19bd         Code  Gb  FltSub.o [3]
__iar_fsub               0x800'14c1         Code  Gb  FltAdd.o [3]
__iar_fsubStart          0x800'14d1         Code  Gb  FltAdd.o [3]
__iar_packbits_init_single3
                         0x800'2141   0x38  Code  Gb  packbits_init_single.o [4]
__iar_program_start      0x800'2219         Code  Gb  cstartup_M.o [4]
__low_level_init         0x800'21cf    0x4  Code  Gb  low_level_init.o [2]
__vector_table           0x800'0000         Data  Gb  startup_stm32f10x_md.o [1]
_call_main               0x800'21bd         Code  Gb  cmain.o [4]
_exit                    0x800'21d9         Code  Gb  cexit.o [4]
_main                    0x800'21cb         Code  Gb  cmain.o [4]
blinkTimeLed             0x800'1ca1   0x3a  Code  Lc  exercise_mode.o [1]
checkLastStateAndTurnFlag
                         0x800'095d   0x52  Code  Lc  run_mode.o [1]
countSec                 0x800'092d   0x30  Code  Lc  run_mode.o [1]
decrease_val             0x800'1a97   0x68  Code  Lc  setup_mode.o [1]
delay                    0x800'030f   0x2a  Code  Gb  lcd.o [1]
delay_and_scand          0x800'0db9   0x2e  Code  Gb  screen.o [1]
exercise_mode            0x800'1d23  0x16e  Code  Gb  exercise_mode.o [1]
exercise_mode::stateReturn
                        0x2000'00eb    0x1  Data  Lc  exercise_mode.o [1]
exit                     0x800'21d3    0x4  Code  Gb  exit.o [2]
increase_val             0x800'1a31   0x66  Code  Lc  setup_mode.o [1]
isKeyPressed             0x800'1027   0x44  Code  Lc  keypad.o [1]
lcd_clr                  0x800'0397   0x3c  Code  Gb  lcd.o [1]
lcd_clr_section          0x800'0717   0x76  Code  Gb  lcd.o [1]
lcd_init                 0x800'0339   0x5e  Code  Gb  lcd.o [1]
lcd_send_data            0x800'041f  0x2f8  Code  Gb  lcd.o [1]
lcd_show_data1           0x800'03d3   0x4c  Code  Gb  lcd.o [1]
main                     0x800'2071   0x8c  Code  Gb  main.o [1]
memset                   0x800'08af   0x14  Code  Gb  memset.o [4]
resetExVal               0x800'1cdb   0x48  Code  Lc  exercise_mode.o [1]
resetRunMechineData      0x800'1ea9   0x16  Code  Gb  common.o [1]
rowCheck                 0x800'106b   0x4a  Code  Lc  keypad.o [1]
runMode                  0x800'09af  0x23c  Code  Gb  run_mode.o [1]
runMode::changeMoment   0x2000'00cc    0x4  Data  Lc  run_mode.o [1]
runMode::numberOfChange
                        0x2000'00d0    0x4  Data  Lc  run_mode.o [1]
setColX                  0x800'0fe1   0x46  Code  Lc  keypad.o [1]
setHighAllCol            0x800'0f95   0x26  Code  Lc  keypad.o [1]
setLowAllCol             0x800'0fbb   0x26  Code  Lc  keypad.o [1]
setup_mode               0x800'1aff  0x178  Code  Gb  setup_mode.o [1]
start_mode               0x800'1fd9   0x98  Code  Gb  start_mode.o [1]
start_mode::stateReturn
                        0x2000'00ee    0x1  Data  Lc  start_mode.o [1]
stopMode                 0x800'20fd   0x44  Code  Gb  stop_mode.o [1]
tick                    0x2000'00d8    0x4  Data  Lc  systick.o [1]
tim_callback_func       0x2000'00e4    0x4  Data  Gb  timer2.o [1]
timeScreenMinute         0x800'0d7b   0x3e  Code  Lc  screen.o [1]
timeScreenSecond         0x800'0d3d   0x3e  Code  Lc  screen.o [1]
timer_2_init             0x800'0c5d   0x40  Code  Gb  timer2.o [1]
timer_2_start            0x800'0ca3   0x14  Code  Gb  timer2.o [1]
timer_2_stop             0x800'0cb7   0x14  Code  Gb  timer2.o [1]
timer_callback_init      0x800'0c9d    0x6  Code  Gb  timer2.o [1]
updateCalo               0x800'0e2b   0x26  Code  Gb  screen.o [1]
updateDistance           0x800'0e05   0x26  Code  Gb  screen.o [1]
updateEx                 0x800'0ebf   0x54  Code  Gb  screen.o [1]
updateIncline            0x800'0e51   0x46  Code  Gb  screen.o [1]
updateSpeed              0x800'0e97   0x28  Code  Gb  screen.o [1]
updateTime               0x800'0de7   0x1e  Code  Gb  screen.o [1]
waittingScreen           0x800'0f1d   0x78  Code  Gb  screen.o [1]
write_address            0x800'024d   0x64  Code  Gb  lcd.o [1]
write_command            0x800'01bd   0x90  Code  Gb  lcd.o [1]
write_data               0x800'02b1   0x5e  Code  Gb  lcd.o [1]
write_mode               0x800'011b   0xa2  Code  Gb  lcd.o [1]


[1] = D:\Vitech\sport1_mid_board\Project\Debug\Obj
[2] = dl7M_tln.a
[3] = m7M_tl.a
[4] = rt7M_tl.a
[5] = shb_l.a

  8'916 bytes of readonly  code memory
     47 bytes of readonly  data memory
  2'287 bytes of readwrite data memory

Errors: none
Warnings: none
